Archive member included because of file (symbol)

c:/users/mahmoud/desktop/imt_sdk_win_64_2/imt_sdk_win_64/winavr/bin/../lib/gcc/avr/4.3.3/avr5\libgcc.a(_mulsi3.o)
                              ./HAL/LCD/LCD_Program.o (__mulsi3)
c:/users/mahmoud/desktop/imt_sdk_win_64_2/imt_sdk_win_64/winavr/bin/../lib/gcc/avr/4.3.3/avr5\libgcc.a(_udivmodhi4.o)
                              ./HAL/LCD/LCD_Program.o (__udivmodhi4)
c:/users/mahmoud/desktop/imt_sdk_win_64_2/imt_sdk_win_64/winavr/bin/../lib/gcc/avr/4.3.3/avr5\libgcc.a(_udivmodsi4.o)
                              ./HAL/LCD/LCD_Program.o (__udivmodsi4)
c:/users/mahmoud/desktop/imt_sdk_win_64_2/imt_sdk_win_64/winavr/bin/../lib/gcc/avr/4.3.3/avr5\libgcc.a(_divmodsi4.o)
                              ./HAL/LCD/LCD_Program.o (__divmodsi4)
c:/users/mahmoud/desktop/imt_sdk_win_64_2/imt_sdk_win_64/winavr/bin/../lib/gcc/avr/4.3.3/avr5\libgcc.a(_exit.o)
                              c:/users/mahmoud/desktop/imt_sdk_win_64_2/imt_sdk_win_64/winavr/bin/../lib/gcc/avr/4.3.3/../../../../avr/lib/avr5/crtm32.o (exit)
c:/users/mahmoud/desktop/imt_sdk_win_64_2/imt_sdk_win_64/winavr/bin/../lib/gcc/avr/4.3.3/avr5\libgcc.a(_copy_data.o)
                              ./HAL/KEYPAD/KEYPAD_Program.o (__do_copy_data)
c:/users/mahmoud/desktop/imt_sdk_win_64_2/imt_sdk_win_64/winavr/bin/../lib/gcc/avr/4.3.3/avr5\libgcc.a(_clear_bss.o)
                              ./MCAL/TIMERS/TIMER_Prog.o (__do_clear_bss)
c:/users/mahmoud/desktop/imt_sdk_win_64_2/imt_sdk_win_64/winavr/bin/../lib/gcc/avr/4.3.3/avr5\libgcc.a(_fixunssfsi.o)
                              ./MCAL/ADC/ADC_prog.o (__fixunssfsi)
c:/users/mahmoud/desktop/imt_sdk_win_64_2/imt_sdk_win_64/winavr/bin/../lib/gcc/avr/4.3.3/avr5\libgcc.a(_addsub_sf.o)
                              c:/users/mahmoud/desktop/imt_sdk_win_64_2/imt_sdk_win_64/winavr/bin/../lib/gcc/avr/4.3.3/avr5\libgcc.a(_fixunssfsi.o) (__subsf3)
c:/users/mahmoud/desktop/imt_sdk_win_64_2/imt_sdk_win_64/winavr/bin/../lib/gcc/avr/4.3.3/avr5\libgcc.a(_mul_sf.o)
                              ./MCAL/ADC/ADC_prog.o (__mulsf3)
c:/users/mahmoud/desktop/imt_sdk_win_64_2/imt_sdk_win_64/winavr/bin/../lib/gcc/avr/4.3.3/avr5\libgcc.a(_div_sf.o)
                              ./MCAL/ADC/ADC_prog.o (__divsf3)
c:/users/mahmoud/desktop/imt_sdk_win_64_2/imt_sdk_win_64/winavr/bin/../lib/gcc/avr/4.3.3/avr5\libgcc.a(_ge_sf.o)
                              c:/users/mahmoud/desktop/imt_sdk_win_64_2/imt_sdk_win_64/winavr/bin/../lib/gcc/avr/4.3.3/avr5\libgcc.a(_fixunssfsi.o) (__gesf2)
c:/users/mahmoud/desktop/imt_sdk_win_64_2/imt_sdk_win_64/winavr/bin/../lib/gcc/avr/4.3.3/avr5\libgcc.a(_sf_to_si.o)
                              c:/users/mahmoud/desktop/imt_sdk_win_64_2/imt_sdk_win_64/winavr/bin/../lib/gcc/avr/4.3.3/avr5\libgcc.a(_fixunssfsi.o) (__fixsfsi)
c:/users/mahmoud/desktop/imt_sdk_win_64_2/imt_sdk_win_64/winavr/bin/../lib/gcc/avr/4.3.3/avr5\libgcc.a(_thenan_sf.o)
                              c:/users/mahmoud/desktop/imt_sdk_win_64_2/imt_sdk_win_64/winavr/bin/../lib/gcc/avr/4.3.3/avr5\libgcc.a(_addsub_sf.o) (__thenan_sf)
c:/users/mahmoud/desktop/imt_sdk_win_64_2/imt_sdk_win_64/winavr/bin/../lib/gcc/avr/4.3.3/avr5\libgcc.a(_usi_to_sf.o)
                              ./MCAL/ADC/ADC_prog.o (__floatunsisf)
c:/users/mahmoud/desktop/imt_sdk_win_64_2/imt_sdk_win_64/winavr/bin/../lib/gcc/avr/4.3.3/avr5\libgcc.a(_prologue.o)
                              c:/users/mahmoud/desktop/imt_sdk_win_64_2/imt_sdk_win_64/winavr/bin/../lib/gcc/avr/4.3.3/avr5\libgcc.a(_addsub_sf.o) (__prologue_saves__)
c:/users/mahmoud/desktop/imt_sdk_win_64_2/imt_sdk_win_64/winavr/bin/../lib/gcc/avr/4.3.3/avr5\libgcc.a(_epilogue.o)
                              c:/users/mahmoud/desktop/imt_sdk_win_64_2/imt_sdk_win_64/winavr/bin/../lib/gcc/avr/4.3.3/avr5\libgcc.a(_addsub_sf.o) (__epilogue_restores__)
c:/users/mahmoud/desktop/imt_sdk_win_64_2/imt_sdk_win_64/winavr/bin/../lib/gcc/avr/4.3.3/avr5\libgcc.a(_clzsi2.o)
                              c:/users/mahmoud/desktop/imt_sdk_win_64_2/imt_sdk_win_64/winavr/bin/../lib/gcc/avr/4.3.3/avr5\libgcc.a(_usi_to_sf.o) (__clzsi2)
c:/users/mahmoud/desktop/imt_sdk_win_64_2/imt_sdk_win_64/winavr/bin/../lib/gcc/avr/4.3.3/avr5\libgcc.a(_pack_sf.o)
                              c:/users/mahmoud/desktop/imt_sdk_win_64_2/imt_sdk_win_64/winavr/bin/../lib/gcc/avr/4.3.3/avr5\libgcc.a(_addsub_sf.o) (__pack_f)
c:/users/mahmoud/desktop/imt_sdk_win_64_2/imt_sdk_win_64/winavr/bin/../lib/gcc/avr/4.3.3/avr5\libgcc.a(_unpack_sf.o)
                              c:/users/mahmoud/desktop/imt_sdk_win_64_2/imt_sdk_win_64/winavr/bin/../lib/gcc/avr/4.3.3/avr5\libgcc.a(_addsub_sf.o) (__unpack_f)
c:/users/mahmoud/desktop/imt_sdk_win_64_2/imt_sdk_win_64/winavr/bin/../lib/gcc/avr/4.3.3/avr5\libgcc.a(_fpcmp_parts_sf.o)
                              c:/users/mahmoud/desktop/imt_sdk_win_64_2/imt_sdk_win_64/winavr/bin/../lib/gcc/avr/4.3.3/avr5\libgcc.a(_ge_sf.o) (__fpcmp_parts_f)
c:/users/mahmoud/desktop/imt_sdk_win_64_2/imt_sdk_win_64/winavr/bin/../lib/gcc/avr/4.3.3/avr5\libgcc.a(_clz.o)
                              c:/users/mahmoud/desktop/imt_sdk_win_64_2/imt_sdk_win_64/winavr/bin/../lib/gcc/avr/4.3.3/avr5\libgcc.a(_clzsi2.o) (__clz_tab)

Memory Configuration

Name             Origin             Length             Attributes
text             0x00000000         0x00020000         xr
data             0x00800060         0x0000ffa0         rw !x
eeprom           0x00810000         0x00010000         rw !x
fuse             0x00820000         0x00000400         rw !x
lock             0x00830000         0x00000400         rw !x
signature        0x00840000         0x00000400         rw !x
*default*        0x00000000         0xffffffff

Linker script and memory map

LOAD c:/users/mahmoud/desktop/imt_sdk_win_64_2/imt_sdk_win_64/winavr/bin/../lib/gcc/avr/4.3.3/../../../../avr/lib/avr5/crtm32.o
LOAD ./MCAL/UART/UART_prog.o
LOAD ./MCAL/TIMERS/TIMER_Prog.o
LOAD ./MCAL/SPI/SPI_prog.o
LOAD ./MCAL/GLOBAL_INTERRUPT/Global_Interrupt_prog.o
LOAD ./MCAL/External_Interrupt/External_Interrupt_Prog.o
LOAD ./MCAL/DIO/DIO_Program.o
LOAD ./MCAL/ADC/ADC_prog.o
LOAD ./HAL/MOTOR/MOTOR_Prog.o
LOAD ./HAL/LCD/LCD_Program.o
LOAD ./HAL/KEYPAD/KEYPAD_Program.o
LOAD ./APP/main.o
LOAD c:/users/mahmoud/desktop/imt_sdk_win_64_2/imt_sdk_win_64/winavr/bin/../lib/gcc/avr/4.3.3/avr5\libgcc.a
LOAD c:/users/mahmoud/desktop/imt_sdk_win_64_2/imt_sdk_win_64/winavr/bin/../lib/gcc/avr/4.3.3/../../../../avr/lib/avr5\libc.a
LOAD c:/users/mahmoud/desktop/imt_sdk_win_64_2/imt_sdk_win_64/winavr/bin/../lib/gcc/avr/4.3.3/avr5\libgcc.a

.hash
 *(.hash)

.dynsym
 *(.dynsym)

.dynstr
 *(.dynstr)

.gnu.version
 *(.gnu.version)

.gnu.version_d
 *(.gnu.version_d)

.gnu.version_r
 *(.gnu.version_r)

.rel.init
 *(.rel.init)

.rela.init
 *(.rela.init)

.rel.text
 *(.rel.text)
 *(.rel.text.*)
 *(.rel.gnu.linkonce.t*)

.rela.text
 *(.rela.text)
 *(.rela.text.*)
 *(.rela.gnu.linkonce.t*)

.rel.fini
 *(.rel.fini)

.rela.fini
 *(.rela.fini)

.rel.rodata
 *(.rel.rodata)
 *(.rel.rodata.*)
 *(.rel.gnu.linkonce.r*)

.rela.rodata
 *(.rela.rodata)
 *(.rela.rodata.*)
 *(.rela.gnu.linkonce.r*)

.rel.data
 *(.rel.data)
 *(.rel.data.*)
 *(.rel.gnu.linkonce.d*)

.rela.data
 *(.rela.data)
 *(.rela.data.*)
 *(.rela.gnu.linkonce.d*)

.rel.ctors
 *(.rel.ctors)

.rela.ctors
 *(.rela.ctors)

.rel.dtors
 *(.rel.dtors)

.rela.dtors
 *(.rela.dtors)

.rel.got
 *(.rel.got)

.rela.got
 *(.rela.got)

.rel.bss
 *(.rel.bss)

.rela.bss
 *(.rela.bss)

.rel.plt
 *(.rel.plt)

.rela.plt
 *(.rela.plt)

.text           0x00000000     0x1ed8
 *(.vectors)
 .vectors       0x00000000       0x54 c:/users/mahmoud/desktop/imt_sdk_win_64_2/imt_sdk_win_64/winavr/bin/../lib/gcc/avr/4.3.3/../../../../avr/lib/avr5/crtm32.o
                0x00000000                __vectors
                0x00000000                __vector_default
 *(.vectors)
 *(.progmem.gcc*)
 *(.progmem*)
                0x00000054                . = ALIGN (0x2)
                0x00000054                __trampolines_start = .
 *(.trampolines)
 .trampolines   0x00000054        0x0 linker stubs
 *(.trampolines*)
                0x00000054                __trampolines_end = .
 *(.jumptables)
 *(.jumptables*)
 *(.lowtext)
 *(.lowtext*)
                0x00000054                __ctors_start = .
 *(.ctors)
                0x00000054                __ctors_end = .
                0x00000054                __dtors_start = .
 *(.dtors)
                0x00000054                __dtors_end = .
 SORT(*)(.ctors)
 SORT(*)(.dtors)
 *(.init0)
 .init0         0x00000054        0x0 c:/users/mahmoud/desktop/imt_sdk_win_64_2/imt_sdk_win_64/winavr/bin/../lib/gcc/avr/4.3.3/../../../../avr/lib/avr5/crtm32.o
                0x00000054                __init
 *(.init0)
 *(.init1)
 *(.init1)
 *(.init2)
 .init2         0x00000054        0xc c:/users/mahmoud/desktop/imt_sdk_win_64_2/imt_sdk_win_64/winavr/bin/../lib/gcc/avr/4.3.3/../../../../avr/lib/avr5/crtm32.o
 *(.init2)
 *(.init3)
 *(.init3)
 *(.init4)
 .init4         0x00000060       0x16 c:/users/mahmoud/desktop/imt_sdk_win_64_2/imt_sdk_win_64/winavr/bin/../lib/gcc/avr/4.3.3/avr5\libgcc.a(_copy_data.o)
                0x00000060                __do_copy_data
 .init4         0x00000076       0x10 c:/users/mahmoud/desktop/imt_sdk_win_64_2/imt_sdk_win_64/winavr/bin/../lib/gcc/avr/4.3.3/avr5\libgcc.a(_clear_bss.o)
                0x00000076                __do_clear_bss
 *(.init4)
 *(.init5)
 *(.init5)
 *(.init6)
 *(.init6)
 *(.init7)
 *(.init7)
 *(.init8)
 *(.init8)
 *(.init9)
 .init9         0x00000086        0x8 c:/users/mahmoud/desktop/imt_sdk_win_64_2/imt_sdk_win_64/winavr/bin/../lib/gcc/avr/4.3.3/../../../../avr/lib/avr5/crtm32.o
 *(.init9)
 *(.text)
 .text          0x0000008e        0x4 c:/users/mahmoud/desktop/imt_sdk_win_64_2/imt_sdk_win_64/winavr/bin/../lib/gcc/avr/4.3.3/../../../../avr/lib/avr5/crtm32.o
                0x0000008e                __vector_1
                0x0000008e                __vector_12
                0x0000008e                __bad_interrupt
                0x0000008e                __vector_3
                0x0000008e                __vector_13
                0x0000008e                __vector_17
                0x0000008e                __vector_19
                0x0000008e                __vector_5
                0x0000008e                __vector_4
                0x0000008e                __vector_2
                0x0000008e                __vector_15
                0x0000008e                __vector_14
                0x0000008e                __vector_16
                0x0000008e                __vector_18
                0x0000008e                __vector_20
 .text          0x00000092        0x0 ./MCAL/UART/UART_prog.o
 .text          0x00000092        0x0 ./MCAL/TIMERS/TIMER_Prog.o
 .text          0x00000092        0x0 ./MCAL/SPI/SPI_prog.o
 .text          0x00000092        0x0 ./MCAL/GLOBAL_INTERRUPT/Global_Interrupt_prog.o
 .text          0x00000092        0x0 ./MCAL/External_Interrupt/External_Interrupt_Prog.o
 .text          0x00000092        0x0 ./MCAL/DIO/DIO_Program.o
 .text          0x00000092        0x0 ./MCAL/ADC/ADC_prog.o
 .text          0x00000092        0x0 ./HAL/MOTOR/MOTOR_Prog.o
 .text          0x00000092        0x0 ./HAL/LCD/LCD_Program.o
 .text          0x00000092        0x0 ./HAL/KEYPAD/KEYPAD_Program.o
 .text          0x00000092        0x0 ./APP/main.o
 .text          0x00000092        0x0 c:/users/mahmoud/desktop/imt_sdk_win_64_2/imt_sdk_win_64/winavr/bin/../lib/gcc/avr/4.3.3/avr5\libgcc.a(_mulsi3.o)
 .text          0x00000092        0x0 c:/users/mahmoud/desktop/imt_sdk_win_64_2/imt_sdk_win_64/winavr/bin/../lib/gcc/avr/4.3.3/avr5\libgcc.a(_udivmodhi4.o)
 .text          0x00000092        0x0 c:/users/mahmoud/desktop/imt_sdk_win_64_2/imt_sdk_win_64/winavr/bin/../lib/gcc/avr/4.3.3/avr5\libgcc.a(_udivmodsi4.o)
 .text          0x00000092        0x0 c:/users/mahmoud/desktop/imt_sdk_win_64_2/imt_sdk_win_64/winavr/bin/../lib/gcc/avr/4.3.3/avr5\libgcc.a(_divmodsi4.o)
 .text          0x00000092        0x0 c:/users/mahmoud/desktop/imt_sdk_win_64_2/imt_sdk_win_64/winavr/bin/../lib/gcc/avr/4.3.3/avr5\libgcc.a(_exit.o)
 .text          0x00000092        0x0 c:/users/mahmoud/desktop/imt_sdk_win_64_2/imt_sdk_win_64/winavr/bin/../lib/gcc/avr/4.3.3/avr5\libgcc.a(_copy_data.o)
 .text          0x00000092        0x0 c:/users/mahmoud/desktop/imt_sdk_win_64_2/imt_sdk_win_64/winavr/bin/../lib/gcc/avr/4.3.3/avr5\libgcc.a(_clear_bss.o)
 .text          0x00000092       0x58 c:/users/mahmoud/desktop/imt_sdk_win_64_2/imt_sdk_win_64/winavr/bin/../lib/gcc/avr/4.3.3/avr5\libgcc.a(_fixunssfsi.o)
                0x00000092                __fixunssfsi
 .text          0x000000ea      0x354 c:/users/mahmoud/desktop/imt_sdk_win_64_2/imt_sdk_win_64/winavr/bin/../lib/gcc/avr/4.3.3/avr5\libgcc.a(_addsub_sf.o)
                0x00000382                __subsf3
                0x000003e4                __addsf3
 .text          0x0000043e      0x1f4 c:/users/mahmoud/desktop/imt_sdk_win_64_2/imt_sdk_win_64/winavr/bin/../lib/gcc/avr/4.3.3/avr5\libgcc.a(_mul_sf.o)
                0x0000043e                __mulsf3
 .text          0x00000632      0x158 c:/users/mahmoud/desktop/imt_sdk_win_64_2/imt_sdk_win_64/winavr/bin/../lib/gcc/avr/4.3.3/avr5\libgcc.a(_div_sf.o)
                0x00000632                __divsf3
 .text          0x0000078a       0x60 c:/users/mahmoud/desktop/imt_sdk_win_64_2/imt_sdk_win_64/winavr/bin/../lib/gcc/avr/4.3.3/avr5\libgcc.a(_ge_sf.o)
                0x0000078a                __gesf2
 .text          0x000007ea       0xa8 c:/users/mahmoud/desktop/imt_sdk_win_64_2/imt_sdk_win_64/winavr/bin/../lib/gcc/avr/4.3.3/avr5\libgcc.a(_sf_to_si.o)
                0x000007ea                __fixsfsi
 .text          0x00000892        0x0 c:/users/mahmoud/desktop/imt_sdk_win_64_2/imt_sdk_win_64/winavr/bin/../lib/gcc/avr/4.3.3/avr5\libgcc.a(_thenan_sf.o)
 .text          0x00000892       0xf2 c:/users/mahmoud/desktop/imt_sdk_win_64_2/imt_sdk_win_64/winavr/bin/../lib/gcc/avr/4.3.3/avr5\libgcc.a(_usi_to_sf.o)
                0x00000892                __floatunsisf
 .text          0x00000984        0x0 c:/users/mahmoud/desktop/imt_sdk_win_64_2/imt_sdk_win_64/winavr/bin/../lib/gcc/avr/4.3.3/avr5\libgcc.a(_prologue.o)
 .text          0x00000984        0x0 c:/users/mahmoud/desktop/imt_sdk_win_64_2/imt_sdk_win_64/winavr/bin/../lib/gcc/avr/4.3.3/avr5\libgcc.a(_epilogue.o)
 .text          0x00000984       0x9e c:/users/mahmoud/desktop/imt_sdk_win_64_2/imt_sdk_win_64/winavr/bin/../lib/gcc/avr/4.3.3/avr5\libgcc.a(_clzsi2.o)
                0x00000984                __clzsi2
 .text          0x00000a22      0x1aa c:/users/mahmoud/desktop/imt_sdk_win_64_2/imt_sdk_win_64/winavr/bin/../lib/gcc/avr/4.3.3/avr5\libgcc.a(_pack_sf.o)
                0x00000a22                __pack_f
 .text          0x00000bcc       0xf0 c:/users/mahmoud/desktop/imt_sdk_win_64_2/imt_sdk_win_64/winavr/bin/../lib/gcc/avr/4.3.3/avr5\libgcc.a(_unpack_sf.o)
                0x00000bcc                __unpack_f
 .text          0x00000cbc       0xb2 c:/users/mahmoud/desktop/imt_sdk_win_64_2/imt_sdk_win_64/winavr/bin/../lib/gcc/avr/4.3.3/avr5\libgcc.a(_fpcmp_parts_sf.o)
                0x00000cbc                __fpcmp_parts_f
 .text          0x00000d6e        0x0 c:/users/mahmoud/desktop/imt_sdk_win_64_2/imt_sdk_win_64/winavr/bin/../lib/gcc/avr/4.3.3/avr5\libgcc.a(_clz.o)
                0x00000d6e                . = ALIGN (0x2)
 *(.text.*)
 .text.UART_Send_Char
                0x00000d6e        0x8 ./MCAL/UART/UART_prog.o
                0x00000d6e                UART_Send_Char
 .text.UART_Recive_Char
                0x00000d76        0x8 ./MCAL/UART/UART_prog.o
                0x00000d76                UART_Recive_Char
 .text.UART_INIT
                0x00000d7e       0x26 ./MCAL/UART/UART_prog.o
                0x00000d7e                UART_INIT
 .text.vTIMER0_INIT
                0x00000da4       0x14 ./MCAL/TIMERS/TIMER_Prog.o
                0x00000da4                vTIMER0_INIT
 .text.vTIMER0_START
                0x00000db8        0xe ./MCAL/TIMERS/TIMER_Prog.o
                0x00000db8                vTIMER0_START
 .text.vTIMER0_STOP
                0x00000dc6       0x14 ./MCAL/TIMERS/TIMER_Prog.o
                0x00000dc6                vTIMER0_STOP
 .text.vTIMER0_preload
                0x00000dda        0x4 ./MCAL/TIMERS/TIMER_Prog.o
                0x00000dda                vTIMER0_preload
 .text.vTIMER0_Compare_OCR0
                0x00000dde        0x4 ./MCAL/TIMERS/TIMER_Prog.o
                0x00000dde                vTIMER0_Compare_OCR0
 .text.vTIMER0_OF_CallBack
                0x00000de2        0xa ./MCAL/TIMERS/TIMER_Prog.o
                0x00000de2                vTIMER0_OF_CallBack
 .text.vTIMER0_OC_CallBack
                0x00000dec        0xa ./MCAL/TIMERS/TIMER_Prog.o
                0x00000dec                vTIMER0_OC_CallBack
 .text.__vector_11
                0x00000df6       0x52 ./MCAL/TIMERS/TIMER_Prog.o
                0x00000df6                __vector_11
 .text.__vector_10
                0x00000e48       0x52 ./MCAL/TIMERS/TIMER_Prog.o
                0x00000e48                __vector_10
 .text.vTIMER1_INIT
                0x00000e9a       0x1a ./MCAL/TIMERS/TIMER_Prog.o
                0x00000e9a                vTIMER1_INIT
 .text.Timer1_OCRA1Mode
                0x00000eb4       0x34 ./MCAL/TIMERS/TIMER_Prog.o
                0x00000eb4                Timer1_OCRA1Mode
 .text.Timer1_OCRB1Mode
                0x00000ee8       0x34 ./MCAL/TIMERS/TIMER_Prog.o
                0x00000ee8                Timer1_OCRB1Mode
 .text.vTIMER1_START
                0x00000f1c        0xe ./MCAL/TIMERS/TIMER_Prog.o
                0x00000f1c                vTIMER1_START
 .text.vTIMER1_STOP
                0x00000f2a       0x14 ./MCAL/TIMERS/TIMER_Prog.o
                0x00000f2a                vTIMER1_STOP
 .text.vTIMER1_preload
                0x00000f3e        0x8 ./MCAL/TIMERS/TIMER_Prog.o
                0x00000f3e                vTIMER1_preload
 .text.vTIMER1_Compare_OCR1A
                0x00000f46        0x8 ./MCAL/TIMERS/TIMER_Prog.o
                0x00000f46                vTIMER1_Compare_OCR1A
 .text.vTIMER1_Compare_OCRB1
                0x00000f4e        0x8 ./MCAL/TIMERS/TIMER_Prog.o
                0x00000f4e                vTIMER1_Compare_OCRB1
 .text.vTIMER1_ICU1
                0x00000f56        0x8 ./MCAL/TIMERS/TIMER_Prog.o
                0x00000f56                vTIMER1_ICU1
 .text.Timer1_InputCaptureEdge
                0x00000f5e        0xc ./MCAL/TIMERS/TIMER_Prog.o
                0x00000f5e                Timer1_InputCaptureEdge
 .text.Timer1_ICU_InterruptEnable
                0x00000f6a        0x8 ./MCAL/TIMERS/TIMER_Prog.o
                0x00000f6a                Timer1_ICU_InterruptEnable
 .text.Timer1_ICU_InterruptDisable
                0x00000f72        0x8 ./MCAL/TIMERS/TIMER_Prog.o
                0x00000f72                Timer1_ICU_InterruptDisable
 .text.Timer1_OVF_InterruptEnable
                0x00000f7a        0x8 ./MCAL/TIMERS/TIMER_Prog.o
                0x00000f7a                Timer1_OVF_InterruptEnable
 .text.Timer1_OVF_InterruptDisable
                0x00000f82        0x8 ./MCAL/TIMERS/TIMER_Prog.o
                0x00000f82                Timer1_OVF_InterruptDisable
 .text.Timer1_OCA_InterruptEnable
                0x00000f8a        0x8 ./MCAL/TIMERS/TIMER_Prog.o
                0x00000f8a                Timer1_OCA_InterruptEnable
 .text.Timer1_OCA_InterruptDisable
                0x00000f92        0x8 ./MCAL/TIMERS/TIMER_Prog.o
                0x00000f92                Timer1_OCA_InterruptDisable
 .text.Timer1_OCB_InterruptEnable
                0x00000f9a        0x8 ./MCAL/TIMERS/TIMER_Prog.o
                0x00000f9a                Timer1_OCB_InterruptEnable
 .text.Timer1_OCB_InterruptDisable
                0x00000fa2        0x8 ./MCAL/TIMERS/TIMER_Prog.o
                0x00000fa2                Timer1_OCB_InterruptDisable
 .text.Timer1_OVF_SetCallBack
                0x00000faa        0xa ./MCAL/TIMERS/TIMER_Prog.o
                0x00000faa                Timer1_OVF_SetCallBack
 .text.Timer1_OCA_SetCallBack
                0x00000fb4        0xa ./MCAL/TIMERS/TIMER_Prog.o
                0x00000fb4                Timer1_OCA_SetCallBack
 .text.Timer1_OCB_SetCallBack
                0x00000fbe        0xa ./MCAL/TIMERS/TIMER_Prog.o
                0x00000fbe                Timer1_OCB_SetCallBack
 .text.Timer1_ICU_SetCallBack
                0x00000fc8        0xa ./MCAL/TIMERS/TIMER_Prog.o
                0x00000fc8                Timer1_ICU_SetCallBack
 .text.__vector_9
                0x00000fd2       0x52 ./MCAL/TIMERS/TIMER_Prog.o
                0x00000fd2                __vector_9
 .text.__vector_7
                0x00001024       0x52 ./MCAL/TIMERS/TIMER_Prog.o
                0x00001024                __vector_7
 .text.__vector_8
                0x00001076       0x52 ./MCAL/TIMERS/TIMER_Prog.o
                0x00001076                __vector_8
 .text.__vector_6
                0x000010c8       0x52 ./MCAL/TIMERS/TIMER_Prog.o
                0x000010c8                __vector_6
 .text.SPI_INIT
                0x0000111a       0x12 ./MCAL/SPI/SPI_prog.o
                0x0000111a                SPI_INIT
 .text.SPI_TRAS_RECIVE
                0x0000112c        0xc ./MCAL/SPI/SPI_prog.o
                0x0000112c                SPI_TRAS_RECIVE
 .text.vGlobal_interrupt_Enable
                0x00001138        0x8 ./MCAL/GLOBAL_INTERRUPT/Global_Interrupt_prog.o
                0x00001138                vGlobal_interrupt_Enable
 .text.vGlobal_interrupt_Disable
                0x00001140        0x8 ./MCAL/GLOBAL_INTERRUPT/Global_Interrupt_prog.o
                0x00001140                vGlobal_interrupt_Disable
 .text.vExternal_Interrupt_Enable
                0x00001148       0xb4 ./MCAL/External_Interrupt/External_Interrupt_Prog.o
                0x00001148                vExternal_Interrupt_Enable
 .text.vExternal_Interrupt_Disable
                0x000011fc        0x2 ./MCAL/External_Interrupt/External_Interrupt_Prog.o
                0x000011fc                vExternal_Interrupt_Disable
 .text.vSet_Pin_Direction
                0x000011fe       0xe8 ./MCAL/DIO/DIO_Program.o
                0x000011fe                vSet_Pin_Direction
 .text.vSet_Pin_OUTPUTvalue
                0x000012e6       0xe8 ./MCAL/DIO/DIO_Program.o
                0x000012e6                vSet_Pin_OUTPUTvalue
 .text.vTOGGLE_Pin
                0x000013ce       0x6a ./MCAL/DIO/DIO_Program.o
                0x000013ce                vTOGGLE_Pin
 .text.vSet_Port_Direction
                0x00001438       0x54 ./MCAL/DIO/DIO_Program.o
                0x00001438                vSet_Port_Direction
 .text.vSet_Port_OUTPUTvalue
                0x0000148c       0x22 ./MCAL/DIO/DIO_Program.o
                0x0000148c                vSet_Port_OUTPUTvalue
 .text.vGIT_PIN
                0x000014ae       0x40 ./MCAL/DIO/DIO_Program.o
                0x000014ae                vGIT_PIN
 .text.ADC_Init
                0x000014ee       0x68 ./MCAL/ADC/ADC_prog.o
                0x000014ee                ADC_Init
 .text.ADC_Read
                0x00001556       0x1c ./MCAL/ADC/ADC_prog.o
                0x00001556                ADC_Read
 .text.ADC_VOLT
                0x00001572       0x36 ./MCAL/ADC/ADC_prog.o
                0x00001572                ADC_VOLT
 .text.convert_volt_to_temp
                0x000015a8       0x18 ./MCAL/ADC/ADC_prog.o
                0x000015a8                convert_volt_to_temp
 .text.speed_control
                0x000015c0        0x2 ./HAL/MOTOR/MOTOR_Prog.o
                0x000015c0                speed_control
 .text.STop_motor
                0x000015c2       0x86 ./HAL/MOTOR/MOTOR_Prog.o
                0x000015c2                STop_motor
 .text.Start_motor
                0x00001648      0x102 ./HAL/MOTOR/MOTOR_Prog.o
                0x00001648                Start_motor
 .text.vLCD_sendDATA
                0x0000174a       0xe8 ./HAL/LCD/LCD_Program.o
                0x0000174a                vLCD_sendDATA
 .text.CLCD_voidSendNumber
                0x00001832      0x102 ./HAL/LCD/LCD_Program.o
                0x00001832                CLCD_voidSendNumber
 .text.vLCD_Convert_numTOchar
                0x00001934       0x94 ./HAL/LCD/LCD_Program.o
                0x00001934                vLCD_Convert_numTOchar
 .text.vLCD_Send_String
                0x000019c8       0x26 ./HAL/LCD/LCD_Program.o
                0x000019c8                vLCD_Send_String
 .text.vLCD_sendCOMMAND
                0x000019ee       0xe8 ./HAL/LCD/LCD_Program.o
                0x000019ee                vLCD_sendCOMMAND
 .text.vLCD_GO_TO
                0x00001ad6       0x1c ./HAL/LCD/LCD_Program.o
                0x00001ad6                vLCD_GO_TO
 .text.vLCD_Clear
                0x00001af2       0x10 ./HAL/LCD/LCD_Program.o
                0x00001af2                vLCD_Clear
 .text.vLCD_init
                0x00001b02       0x98 ./HAL/LCD/LCD_Program.o
                0x00001b02                vLCD_init
 .text.u8KEY_PRESSED
                0x00001b9a       0xc8 ./HAL/KEYPAD/KEYPAD_Program.o
                0x00001b9a                u8KEY_PRESSED
 .text.vKEYPAD_init
                0x00001c62       0xa2 ./HAL/KEYPAD/KEYPAD_Program.o
                0x00001c62                vKEYPAD_init
 .text.main     0x00001d04       0x82 ./APP/main.o
                0x00001d04                main
 .text.libgcc   0x00001d86       0x3e c:/users/mahmoud/desktop/imt_sdk_win_64_2/imt_sdk_win_64/winavr/bin/../lib/gcc/avr/4.3.3/avr5\libgcc.a(_mulsi3.o)
                0x00001d86                __mulsi3
 .text.libgcc   0x00001dc4       0x28 c:/users/mahmoud/desktop/imt_sdk_win_64_2/imt_sdk_win_64/winavr/bin/../lib/gcc/avr/4.3.3/avr5\libgcc.a(_udivmodhi4.o)
                0x00001dc4                __udivmodhi4
 .text.libgcc   0x00001dec       0x44 c:/users/mahmoud/desktop/imt_sdk_win_64_2/imt_sdk_win_64/winavr/bin/../lib/gcc/avr/4.3.3/avr5\libgcc.a(_udivmodsi4.o)
                0x00001dec                __udivmodsi4
 .text.libgcc   0x00001e30       0x36 c:/users/mahmoud/desktop/imt_sdk_win_64_2/imt_sdk_win_64/winavr/bin/../lib/gcc/avr/4.3.3/avr5\libgcc.a(_divmodsi4.o)
                0x00001e30                __divmodsi4
 .text.libgcc   0x00001e66        0x0 c:/users/mahmoud/desktop/imt_sdk_win_64_2/imt_sdk_win_64/winavr/bin/../lib/gcc/avr/4.3.3/avr5\libgcc.a(_exit.o)
 .text.libgcc   0x00001e66        0x0 c:/users/mahmoud/desktop/imt_sdk_win_64_2/imt_sdk_win_64/winavr/bin/../lib/gcc/avr/4.3.3/avr5\libgcc.a(_copy_data.o)
 .text.libgcc   0x00001e66        0x0 c:/users/mahmoud/desktop/imt_sdk_win_64_2/imt_sdk_win_64/winavr/bin/../lib/gcc/avr/4.3.3/avr5\libgcc.a(_clear_bss.o)
 .text.libgcc   0x00001e66       0x38 c:/users/mahmoud/desktop/imt_sdk_win_64_2/imt_sdk_win_64/winavr/bin/../lib/gcc/avr/4.3.3/avr5\libgcc.a(_prologue.o)
                0x00001e66                __prologue_saves__
 .text.libgcc   0x00001e9e       0x36 c:/users/mahmoud/desktop/imt_sdk_win_64_2/imt_sdk_win_64/winavr/bin/../lib/gcc/avr/4.3.3/avr5\libgcc.a(_epilogue.o)
                0x00001e9e                __epilogue_restores__
                0x00001ed4                . = ALIGN (0x2)
 *(.fini9)
 .fini9         0x00001ed4        0x0 c:/users/mahmoud/desktop/imt_sdk_win_64_2/imt_sdk_win_64/winavr/bin/../lib/gcc/avr/4.3.3/avr5\libgcc.a(_exit.o)
                0x00001ed4                exit
                0x00001ed4                _exit
 *(.fini9)
 *(.fini8)
 *(.fini8)
 *(.fini7)
 *(.fini7)
 *(.fini6)
 *(.fini6)
 *(.fini5)
 *(.fini5)
 *(.fini4)
 *(.fini4)
 *(.fini3)
 *(.fini3)
 *(.fini2)
 *(.fini2)
 *(.fini1)
 *(.fini1)
 *(.fini0)
 .fini0         0x00001ed4        0x4 c:/users/mahmoud/desktop/imt_sdk_win_64_2/imt_sdk_win_64/winavr/bin/../lib/gcc/avr/4.3.3/avr5\libgcc.a(_exit.o)
 *(.fini0)
                0x00001ed8                _etext = .

.data           0x00800060      0x128 load address 0x00001ed8
                0x00800060                PROVIDE (__data_start, .)
 *(.data)
 .data          0x00800060        0x0 c:/users/mahmoud/desktop/imt_sdk_win_64_2/imt_sdk_win_64/winavr/bin/../lib/gcc/avr/4.3.3/../../../../avr/lib/avr5/crtm32.o
 .data          0x00800060        0x0 ./MCAL/UART/UART_prog.o
 .data          0x00800060        0x0 ./MCAL/TIMERS/TIMER_Prog.o
 .data          0x00800060        0x0 ./MCAL/SPI/SPI_prog.o
 .data          0x00800060        0x0 ./MCAL/GLOBAL_INTERRUPT/Global_Interrupt_prog.o
 .data          0x00800060        0x0 ./MCAL/External_Interrupt/External_Interrupt_Prog.o
 .data          0x00800060        0x0 ./MCAL/DIO/DIO_Program.o
 .data          0x00800060        0x0 ./MCAL/ADC/ADC_prog.o
 .data          0x00800060        0x0 ./HAL/MOTOR/MOTOR_Prog.o
 .data          0x00800060        0x0 ./HAL/LCD/LCD_Program.o
 .data          0x00800060        0x0 ./HAL/KEYPAD/KEYPAD_Program.o
 .data          0x00800060        0x0 ./APP/main.o
 .data          0x00800060        0x0 c:/users/mahmoud/desktop/imt_sdk_win_64_2/imt_sdk_win_64/winavr/bin/../lib/gcc/avr/4.3.3/avr5\libgcc.a(_mulsi3.o)
 .data          0x00800060        0x0 c:/users/mahmoud/desktop/imt_sdk_win_64_2/imt_sdk_win_64/winavr/bin/../lib/gcc/avr/4.3.3/avr5\libgcc.a(_udivmodhi4.o)
 .data          0x00800060        0x0 c:/users/mahmoud/desktop/imt_sdk_win_64_2/imt_sdk_win_64/winavr/bin/../lib/gcc/avr/4.3.3/avr5\libgcc.a(_udivmodsi4.o)
 .data          0x00800060        0x0 c:/users/mahmoud/desktop/imt_sdk_win_64_2/imt_sdk_win_64/winavr/bin/../lib/gcc/avr/4.3.3/avr5\libgcc.a(_divmodsi4.o)
 .data          0x00800060        0x0 c:/users/mahmoud/desktop/imt_sdk_win_64_2/imt_sdk_win_64/winavr/bin/../lib/gcc/avr/4.3.3/avr5\libgcc.a(_exit.o)
 .data          0x00800060        0x0 c:/users/mahmoud/desktop/imt_sdk_win_64_2/imt_sdk_win_64/winavr/bin/../lib/gcc/avr/4.3.3/avr5\libgcc.a(_copy_data.o)
 .data          0x00800060        0x0 c:/users/mahmoud/desktop/imt_sdk_win_64_2/imt_sdk_win_64/winavr/bin/../lib/gcc/avr/4.3.3/avr5\libgcc.a(_clear_bss.o)
 .data          0x00800060        0x0 c:/users/mahmoud/desktop/imt_sdk_win_64_2/imt_sdk_win_64/winavr/bin/../lib/gcc/avr/4.3.3/avr5\libgcc.a(_fixunssfsi.o)
 .data          0x00800060        0x0 c:/users/mahmoud/desktop/imt_sdk_win_64_2/imt_sdk_win_64/winavr/bin/../lib/gcc/avr/4.3.3/avr5\libgcc.a(_addsub_sf.o)
 .data          0x00800060        0x0 c:/users/mahmoud/desktop/imt_sdk_win_64_2/imt_sdk_win_64/winavr/bin/../lib/gcc/avr/4.3.3/avr5\libgcc.a(_mul_sf.o)
 .data          0x00800060        0x0 c:/users/mahmoud/desktop/imt_sdk_win_64_2/imt_sdk_win_64/winavr/bin/../lib/gcc/avr/4.3.3/avr5\libgcc.a(_div_sf.o)
 .data          0x00800060        0x0 c:/users/mahmoud/desktop/imt_sdk_win_64_2/imt_sdk_win_64/winavr/bin/../lib/gcc/avr/4.3.3/avr5\libgcc.a(_ge_sf.o)
 .data          0x00800060        0x0 c:/users/mahmoud/desktop/imt_sdk_win_64_2/imt_sdk_win_64/winavr/bin/../lib/gcc/avr/4.3.3/avr5\libgcc.a(_sf_to_si.o)
 .data          0x00800060        0x8 c:/users/mahmoud/desktop/imt_sdk_win_64_2/imt_sdk_win_64/winavr/bin/../lib/gcc/avr/4.3.3/avr5\libgcc.a(_thenan_sf.o)
                0x00800060                __thenan_sf
 .data          0x00800068        0x0 c:/users/mahmoud/desktop/imt_sdk_win_64_2/imt_sdk_win_64/winavr/bin/../lib/gcc/avr/4.3.3/avr5\libgcc.a(_usi_to_sf.o)
 .data          0x00800068        0x0 c:/users/mahmoud/desktop/imt_sdk_win_64_2/imt_sdk_win_64/winavr/bin/../lib/gcc/avr/4.3.3/avr5\libgcc.a(_prologue.o)
 .data          0x00800068        0x0 c:/users/mahmoud/desktop/imt_sdk_win_64_2/imt_sdk_win_64/winavr/bin/../lib/gcc/avr/4.3.3/avr5\libgcc.a(_epilogue.o)
 .data          0x00800068        0x0 c:/users/mahmoud/desktop/imt_sdk_win_64_2/imt_sdk_win_64/winavr/bin/../lib/gcc/avr/4.3.3/avr5\libgcc.a(_clzsi2.o)
 .data          0x00800068        0x0 c:/users/mahmoud/desktop/imt_sdk_win_64_2/imt_sdk_win_64/winavr/bin/../lib/gcc/avr/4.3.3/avr5\libgcc.a(_pack_sf.o)
 .data          0x00800068        0x0 c:/users/mahmoud/desktop/imt_sdk_win_64_2/imt_sdk_win_64/winavr/bin/../lib/gcc/avr/4.3.3/avr5\libgcc.a(_unpack_sf.o)
 .data          0x00800068        0x0 c:/users/mahmoud/desktop/imt_sdk_win_64_2/imt_sdk_win_64/winavr/bin/../lib/gcc/avr/4.3.3/avr5\libgcc.a(_fpcmp_parts_sf.o)
 .data          0x00800068      0x100 c:/users/mahmoud/desktop/imt_sdk_win_64_2/imt_sdk_win_64/winavr/bin/../lib/gcc/avr/4.3.3/avr5\libgcc.a(_clz.o)
                0x00800068                __clz_tab
 *(.data*)
 .data.COL_PORT
                0x00800168        0x4 ./HAL/KEYPAD/KEYPAD_Program.o
                0x00800168                COL_PORT
 .data.COL_PIN  0x0080016c        0x4 ./HAL/KEYPAD/KEYPAD_Program.o
                0x0080016c                COL_PIN
 .data.ROW_PORT
                0x00800170        0x4 ./HAL/KEYPAD/KEYPAD_Program.o
                0x00800170                ROW_PORT
 .data.ROW_PIN  0x00800174        0x4 ./HAL/KEYPAD/KEYPAD_Program.o
                0x00800174                ROW_PIN
 .data.key_p    0x00800178       0x10 ./HAL/KEYPAD/KEYPAD_Program.o
                0x00800178                key_p
 *(.rodata)
 *(.rodata*)
 *(.gnu.linkonce.d*)
                0x00800188                . = ALIGN (0x2)
                0x00800188                _edata = .
                0x00800188                PROVIDE (__data_end, .)

.bss            0x00800188        0xc
                0x00800188                PROVIDE (__bss_start, .)
 *(.bss)
 .bss           0x00800188        0x0 c:/users/mahmoud/desktop/imt_sdk_win_64_2/imt_sdk_win_64/winavr/bin/../lib/gcc/avr/4.3.3/../../../../avr/lib/avr5/crtm32.o
 .bss           0x00800188        0x0 ./MCAL/UART/UART_prog.o
 .bss           0x00800188        0x0 ./MCAL/TIMERS/TIMER_Prog.o
 .bss           0x00800188        0x0 ./MCAL/SPI/SPI_prog.o
 .bss           0x00800188        0x0 ./MCAL/GLOBAL_INTERRUPT/Global_Interrupt_prog.o
 .bss           0x00800188        0x0 ./MCAL/External_Interrupt/External_Interrupt_Prog.o
 .bss           0x00800188        0x0 ./MCAL/DIO/DIO_Program.o
 .bss           0x00800188        0x0 ./MCAL/ADC/ADC_prog.o
 .bss           0x00800188        0x0 ./HAL/MOTOR/MOTOR_Prog.o
 .bss           0x00800188        0x0 ./HAL/LCD/LCD_Program.o
 .bss           0x00800188        0x0 ./HAL/KEYPAD/KEYPAD_Program.o
 .bss           0x00800188        0x0 ./APP/main.o
 .bss           0x00800188        0x0 c:/users/mahmoud/desktop/imt_sdk_win_64_2/imt_sdk_win_64/winavr/bin/../lib/gcc/avr/4.3.3/avr5\libgcc.a(_mulsi3.o)
 .bss           0x00800188        0x0 c:/users/mahmoud/desktop/imt_sdk_win_64_2/imt_sdk_win_64/winavr/bin/../lib/gcc/avr/4.3.3/avr5\libgcc.a(_udivmodhi4.o)
 .bss           0x00800188        0x0 c:/users/mahmoud/desktop/imt_sdk_win_64_2/imt_sdk_win_64/winavr/bin/../lib/gcc/avr/4.3.3/avr5\libgcc.a(_udivmodsi4.o)
 .bss           0x00800188        0x0 c:/users/mahmoud/desktop/imt_sdk_win_64_2/imt_sdk_win_64/winavr/bin/../lib/gcc/avr/4.3.3/avr5\libgcc.a(_divmodsi4.o)
 .bss           0x00800188        0x0 c:/users/mahmoud/desktop/imt_sdk_win_64_2/imt_sdk_win_64/winavr/bin/../lib/gcc/avr/4.3.3/avr5\libgcc.a(_exit.o)
 .bss           0x00800188        0x0 c:/users/mahmoud/desktop/imt_sdk_win_64_2/imt_sdk_win_64/winavr/bin/../lib/gcc/avr/4.3.3/avr5\libgcc.a(_copy_data.o)
 .bss           0x00800188        0x0 c:/users/mahmoud/desktop/imt_sdk_win_64_2/imt_sdk_win_64/winavr/bin/../lib/gcc/avr/4.3.3/avr5\libgcc.a(_clear_bss.o)
 .bss           0x00800188        0x0 c:/users/mahmoud/desktop/imt_sdk_win_64_2/imt_sdk_win_64/winavr/bin/../lib/gcc/avr/4.3.3/avr5\libgcc.a(_fixunssfsi.o)
 .bss           0x00800188        0x0 c:/users/mahmoud/desktop/imt_sdk_win_64_2/imt_sdk_win_64/winavr/bin/../lib/gcc/avr/4.3.3/avr5\libgcc.a(_addsub_sf.o)
 .bss           0x00800188        0x0 c:/users/mahmoud/desktop/imt_sdk_win_64_2/imt_sdk_win_64/winavr/bin/../lib/gcc/avr/4.3.3/avr5\libgcc.a(_mul_sf.o)
 .bss           0x00800188        0x0 c:/users/mahmoud/desktop/imt_sdk_win_64_2/imt_sdk_win_64/winavr/bin/../lib/gcc/avr/4.3.3/avr5\libgcc.a(_div_sf.o)
 .bss           0x00800188        0x0 c:/users/mahmoud/desktop/imt_sdk_win_64_2/imt_sdk_win_64/winavr/bin/../lib/gcc/avr/4.3.3/avr5\libgcc.a(_ge_sf.o)
 .bss           0x00800188        0x0 c:/users/mahmoud/desktop/imt_sdk_win_64_2/imt_sdk_win_64/winavr/bin/../lib/gcc/avr/4.3.3/avr5\libgcc.a(_sf_to_si.o)
 .bss           0x00800188        0x0 c:/users/mahmoud/desktop/imt_sdk_win_64_2/imt_sdk_win_64/winavr/bin/../lib/gcc/avr/4.3.3/avr5\libgcc.a(_thenan_sf.o)
 .bss           0x00800188        0x0 c:/users/mahmoud/desktop/imt_sdk_win_64_2/imt_sdk_win_64/winavr/bin/../lib/gcc/avr/4.3.3/avr5\libgcc.a(_usi_to_sf.o)
 .bss           0x00800188        0x0 c:/users/mahmoud/desktop/imt_sdk_win_64_2/imt_sdk_win_64/winavr/bin/../lib/gcc/avr/4.3.3/avr5\libgcc.a(_prologue.o)
 .bss           0x00800188        0x0 c:/users/mahmoud/desktop/imt_sdk_win_64_2/imt_sdk_win_64/winavr/bin/../lib/gcc/avr/4.3.3/avr5\libgcc.a(_epilogue.o)
 .bss           0x00800188        0x0 c:/users/mahmoud/desktop/imt_sdk_win_64_2/imt_sdk_win_64/winavr/bin/../lib/gcc/avr/4.3.3/avr5\libgcc.a(_clzsi2.o)
 .bss           0x00800188        0x0 c:/users/mahmoud/desktop/imt_sdk_win_64_2/imt_sdk_win_64/winavr/bin/../lib/gcc/avr/4.3.3/avr5\libgcc.a(_pack_sf.o)
 .bss           0x00800188        0x0 c:/users/mahmoud/desktop/imt_sdk_win_64_2/imt_sdk_win_64/winavr/bin/../lib/gcc/avr/4.3.3/avr5\libgcc.a(_unpack_sf.o)
 .bss           0x00800188        0x0 c:/users/mahmoud/desktop/imt_sdk_win_64_2/imt_sdk_win_64/winavr/bin/../lib/gcc/avr/4.3.3/avr5\libgcc.a(_fpcmp_parts_sf.o)
 .bss           0x00800188        0x0 c:/users/mahmoud/desktop/imt_sdk_win_64_2/imt_sdk_win_64/winavr/bin/../lib/gcc/avr/4.3.3/avr5\libgcc.a(_clz.o)
 *(.bss*)
 .bss.TIMER0_OF_callback
                0x00800188        0x2 ./MCAL/TIMERS/TIMER_Prog.o
                0x00800188                TIMER0_OF_callback
 .bss.TIMER0_OC_callback
                0x0080018a        0x2 ./MCAL/TIMERS/TIMER_Prog.o
                0x0080018a                TIMER0_OC_callback
 .bss.Timer1_ICU_Fptr
                0x0080018c        0x2 ./MCAL/TIMERS/TIMER_Prog.o
 .bss.Timer1_OCB_Fptr
                0x0080018e        0x2 ./MCAL/TIMERS/TIMER_Prog.o
 .bss.Timer1_OCA_Fptr
                0x00800190        0x2 ./MCAL/TIMERS/TIMER_Prog.o
 .bss.Timer1_OVF_Fptr
                0x00800192        0x2 ./MCAL/TIMERS/TIMER_Prog.o
 *(COMMON)
                0x00800194                PROVIDE (__bss_end, .)
                0x00001ed8                __data_load_start = LOADADDR (.data)
                0x00002000                __data_load_end = (__data_load_start + SIZEOF (.data))

.noinit         0x00800194        0x0
                0x00800194                PROVIDE (__noinit_start, .)
 *(.noinit*)
                0x00800194                PROVIDE (__noinit_end, .)
                0x00800194                _end = .
                0x00800194                PROVIDE (__heap_start, .)

.eeprom         0x00810000        0x0
 *(.eeprom*)
                0x00810000                __eeprom_end = .

.fuse
 *(.fuse)
 *(.lfuse)
 *(.hfuse)
 *(.efuse)

.lock
 *(.lock*)

.signature
 *(.signature*)

.stab           0x00000000     0x30f0
 *(.stab)
 .stab          0x00000000      0x264 ./MCAL/UART/UART_prog.o
 .stab          0x00000264      0xa20 ./MCAL/TIMERS/TIMER_Prog.o
                                0xa2c (size before relaxing)
 .stab          0x00000c84      0x228 ./MCAL/SPI/SPI_prog.o
                                0x234 (size before relaxing)
 .stab          0x00000eac      0x1b0 ./MCAL/GLOBAL_INTERRUPT/Global_Interrupt_prog.o
                                0x1bc (size before relaxing)
 .stab          0x0000105c      0x30c ./MCAL/External_Interrupt/External_Interrupt_Prog.o
                                0x318 (size before relaxing)
 .stab          0x00001368      0x4f8 ./MCAL/DIO/DIO_Program.o
                                0x504 (size before relaxing)
 .stab          0x00001860      0x384 ./MCAL/ADC/ADC_prog.o
                                0x390 (size before relaxing)
 .stab          0x00001be4      0x3d8 ./HAL/MOTOR/MOTOR_Prog.o
                                0x3e4 (size before relaxing)
 .stab          0x00001fbc      0xa74 ./HAL/LCD/LCD_Program.o
                                0xa80 (size before relaxing)
 .stab          0x00002a30      0x318 ./HAL/KEYPAD/KEYPAD_Program.o
                                0x324 (size before relaxing)
 .stab          0x00002d48      0x3a8 ./APP/main.o
                                0x540 (size before relaxing)

.stabstr        0x00000000     0x16ad
 *(.stabstr)
 .stabstr       0x00000000     0x16ad ./MCAL/UART/UART_prog.o

.stab.excl
 *(.stab.excl)

.stab.exclstr
 *(.stab.exclstr)

.stab.index
 *(.stab.index)

.stab.indexstr
 *(.stab.indexstr)

.comment
 *(.comment)

.debug
 *(.debug)

.line
 *(.line)

.debug_srcinfo
 *(.debug_srcinfo)

.debug_sfnames
 *(.debug_sfnames)

.debug_aranges  0x00000000      0x160
 *(.debug_aranges)
 .debug_aranges
                0x00000000       0x20 c:/users/mahmoud/desktop/imt_sdk_win_64_2/imt_sdk_win_64/winavr/bin/../lib/gcc/avr/4.3.3/avr5\libgcc.a(_fixunssfsi.o)
 .debug_aranges
                0x00000020       0x20 c:/users/mahmoud/desktop/imt_sdk_win_64_2/imt_sdk_win_64/winavr/bin/../lib/gcc/avr/4.3.3/avr5\libgcc.a(_addsub_sf.o)
 .debug_aranges
                0x00000040       0x20 c:/users/mahmoud/desktop/imt_sdk_win_64_2/imt_sdk_win_64/winavr/bin/../lib/gcc/avr/4.3.3/avr5\libgcc.a(_mul_sf.o)
 .debug_aranges
                0x00000060       0x20 c:/users/mahmoud/desktop/imt_sdk_win_64_2/imt_sdk_win_64/winavr/bin/../lib/gcc/avr/4.3.3/avr5\libgcc.a(_div_sf.o)
 .debug_aranges
                0x00000080       0x20 c:/users/mahmoud/desktop/imt_sdk_win_64_2/imt_sdk_win_64/winavr/bin/../lib/gcc/avr/4.3.3/avr5\libgcc.a(_ge_sf.o)
 .debug_aranges
                0x000000a0       0x20 c:/users/mahmoud/desktop/imt_sdk_win_64_2/imt_sdk_win_64/winavr/bin/../lib/gcc/avr/4.3.3/avr5\libgcc.a(_sf_to_si.o)
 .debug_aranges
                0x000000c0       0x20 c:/users/mahmoud/desktop/imt_sdk_win_64_2/imt_sdk_win_64/winavr/bin/../lib/gcc/avr/4.3.3/avr5\libgcc.a(_usi_to_sf.o)
 .debug_aranges
                0x000000e0       0x20 c:/users/mahmoud/desktop/imt_sdk_win_64_2/imt_sdk_win_64/winavr/bin/../lib/gcc/avr/4.3.3/avr5\libgcc.a(_clzsi2.o)
 .debug_aranges
                0x00000100       0x20 c:/users/mahmoud/desktop/imt_sdk_win_64_2/imt_sdk_win_64/winavr/bin/../lib/gcc/avr/4.3.3/avr5\libgcc.a(_pack_sf.o)
 .debug_aranges
                0x00000120       0x20 c:/users/mahmoud/desktop/imt_sdk_win_64_2/imt_sdk_win_64/winavr/bin/../lib/gcc/avr/4.3.3/avr5\libgcc.a(_unpack_sf.o)
 .debug_aranges
                0x00000140       0x20 c:/users/mahmoud/desktop/imt_sdk_win_64_2/imt_sdk_win_64/winavr/bin/../lib/gcc/avr/4.3.3/avr5\libgcc.a(_fpcmp_parts_sf.o)

.debug_pubnames
                0x00000000      0x1b6
 *(.debug_pubnames)
 .debug_pubnames
                0x00000000       0x23 c:/users/mahmoud/desktop/imt_sdk_win_64_2/imt_sdk_win_64/winavr/bin/../lib/gcc/avr/4.3.3/avr5\libgcc.a(_fixunssfsi.o)
 .debug_pubnames
                0x00000023       0x2c c:/users/mahmoud/desktop/imt_sdk_win_64_2/imt_sdk_win_64/winavr/bin/../lib/gcc/avr/4.3.3/avr5\libgcc.a(_addsub_sf.o)
 .debug_pubnames
                0x0000004f       0x1f c:/users/mahmoud/desktop/imt_sdk_win_64_2/imt_sdk_win_64/winavr/bin/../lib/gcc/avr/4.3.3/avr5\libgcc.a(_mul_sf.o)
 .debug_pubnames
                0x0000006e       0x1f c:/users/mahmoud/desktop/imt_sdk_win_64_2/imt_sdk_win_64/winavr/bin/../lib/gcc/avr/4.3.3/avr5\libgcc.a(_div_sf.o)
 .debug_pubnames
                0x0000008d       0x1e c:/users/mahmoud/desktop/imt_sdk_win_64_2/imt_sdk_win_64/winavr/bin/../lib/gcc/avr/4.3.3/avr5\libgcc.a(_ge_sf.o)
 .debug_pubnames
                0x000000ab       0x20 c:/users/mahmoud/desktop/imt_sdk_win_64_2/imt_sdk_win_64/winavr/bin/../lib/gcc/avr/4.3.3/avr5\libgcc.a(_sf_to_si.o)
 .debug_pubnames
                0x000000cb       0x22 c:/users/mahmoud/desktop/imt_sdk_win_64_2/imt_sdk_win_64/winavr/bin/../lib/gcc/avr/4.3.3/avr5\libgcc.a(_thenan_sf.o)
 .debug_pubnames
                0x000000ed       0x24 c:/users/mahmoud/desktop/imt_sdk_win_64_2/imt_sdk_win_64/winavr/bin/../lib/gcc/avr/4.3.3/avr5\libgcc.a(_usi_to_sf.o)
 .debug_pubnames
                0x00000111       0x1f c:/users/mahmoud/desktop/imt_sdk_win_64_2/imt_sdk_win_64/winavr/bin/../lib/gcc/avr/4.3.3/avr5\libgcc.a(_clzsi2.o)
 .debug_pubnames
                0x00000130       0x1f c:/users/mahmoud/desktop/imt_sdk_win_64_2/imt_sdk_win_64/winavr/bin/../lib/gcc/avr/4.3.3/avr5\libgcc.a(_pack_sf.o)
 .debug_pubnames
                0x0000014f       0x21 c:/users/mahmoud/desktop/imt_sdk_win_64_2/imt_sdk_win_64/winavr/bin/../lib/gcc/avr/4.3.3/avr5\libgcc.a(_unpack_sf.o)
 .debug_pubnames
                0x00000170       0x26 c:/users/mahmoud/desktop/imt_sdk_win_64_2/imt_sdk_win_64/winavr/bin/../lib/gcc/avr/4.3.3/avr5\libgcc.a(_fpcmp_parts_sf.o)
 .debug_pubnames
                0x00000196       0x20 c:/users/mahmoud/desktop/imt_sdk_win_64_2/imt_sdk_win_64/winavr/bin/../lib/gcc/avr/4.3.3/avr5\libgcc.a(_clz.o)

.debug_info     0x00000000     0x1f0d
 *(.debug_info)
 .debug_info    0x00000000       0xb1 c:/users/mahmoud/desktop/imt_sdk_win_64_2/imt_sdk_win_64/winavr/bin/../lib/gcc/avr/4.3.3/avr5\libgcc.a(_fixunssfsi.o)
 .debug_info    0x000000b1      0x47a c:/users/mahmoud/desktop/imt_sdk_win_64_2/imt_sdk_win_64/winavr/bin/../lib/gcc/avr/4.3.3/avr5\libgcc.a(_addsub_sf.o)
 .debug_info    0x0000052b      0x485 c:/users/mahmoud/desktop/imt_sdk_win_64_2/imt_sdk_win_64/winavr/bin/../lib/gcc/avr/4.3.3/avr5\libgcc.a(_mul_sf.o)
 .debug_info    0x000009b0      0x3fc c:/users/mahmoud/desktop/imt_sdk_win_64_2/imt_sdk_win_64/winavr/bin/../lib/gcc/avr/4.3.3/avr5\libgcc.a(_div_sf.o)
 .debug_info    0x00000dac      0x27f c:/users/mahmoud/desktop/imt_sdk_win_64_2/imt_sdk_win_64/winavr/bin/../lib/gcc/avr/4.3.3/avr5\libgcc.a(_ge_sf.o)
 .debug_info    0x0000102b      0x2b0 c:/users/mahmoud/desktop/imt_sdk_win_64_2/imt_sdk_win_64/winavr/bin/../lib/gcc/avr/4.3.3/avr5\libgcc.a(_sf_to_si.o)
 .debug_info    0x000012db      0x12c c:/users/mahmoud/desktop/imt_sdk_win_64_2/imt_sdk_win_64/winavr/bin/../lib/gcc/avr/4.3.3/avr5\libgcc.a(_thenan_sf.o)
 .debug_info    0x00001407      0x206 c:/users/mahmoud/desktop/imt_sdk_win_64_2/imt_sdk_win_64/winavr/bin/../lib/gcc/avr/4.3.3/avr5\libgcc.a(_usi_to_sf.o)
 .debug_info    0x0000160d      0x117 c:/users/mahmoud/desktop/imt_sdk_win_64_2/imt_sdk_win_64/winavr/bin/../lib/gcc/avr/4.3.3/avr5\libgcc.a(_clzsi2.o)
 .debug_info    0x00001724      0x2df c:/users/mahmoud/desktop/imt_sdk_win_64_2/imt_sdk_win_64/winavr/bin/../lib/gcc/avr/4.3.3/avr5\libgcc.a(_pack_sf.o)
 .debug_info    0x00001a03      0x251 c:/users/mahmoud/desktop/imt_sdk_win_64_2/imt_sdk_win_64/winavr/bin/../lib/gcc/avr/4.3.3/avr5\libgcc.a(_unpack_sf.o)
 .debug_info    0x00001c54      0x210 c:/users/mahmoud/desktop/imt_sdk_win_64_2/imt_sdk_win_64/winavr/bin/../lib/gcc/avr/4.3.3/avr5\libgcc.a(_fpcmp_parts_sf.o)
 .debug_info    0x00001e64       0xa9 c:/users/mahmoud/desktop/imt_sdk_win_64_2/imt_sdk_win_64/winavr/bin/../lib/gcc/avr/4.3.3/avr5\libgcc.a(_clz.o)
 *(.gnu.linkonce.wi.*)

.debug_abbrev   0x00000000     0x10d2
 *(.debug_abbrev)
 .debug_abbrev  0x00000000       0x5d c:/users/mahmoud/desktop/imt_sdk_win_64_2/imt_sdk_win_64/winavr/bin/../lib/gcc/avr/4.3.3/avr5\libgcc.a(_fixunssfsi.o)
 .debug_abbrev  0x0000005d      0x1ea c:/users/mahmoud/desktop/imt_sdk_win_64_2/imt_sdk_win_64/winavr/bin/../lib/gcc/avr/4.3.3/avr5\libgcc.a(_addsub_sf.o)
 .debug_abbrev  0x00000247      0x21b c:/users/mahmoud/desktop/imt_sdk_win_64_2/imt_sdk_win_64/winavr/bin/../lib/gcc/avr/4.3.3/avr5\libgcc.a(_mul_sf.o)
 .debug_abbrev  0x00000462      0x216 c:/users/mahmoud/desktop/imt_sdk_win_64_2/imt_sdk_win_64/winavr/bin/../lib/gcc/avr/4.3.3/avr5\libgcc.a(_div_sf.o)
 .debug_abbrev  0x00000678      0x15a c:/users/mahmoud/desktop/imt_sdk_win_64_2/imt_sdk_win_64/winavr/bin/../lib/gcc/avr/4.3.3/avr5\libgcc.a(_ge_sf.o)
 .debug_abbrev  0x000007d2      0x17f c:/users/mahmoud/desktop/imt_sdk_win_64_2/imt_sdk_win_64/winavr/bin/../lib/gcc/avr/4.3.3/avr5\libgcc.a(_sf_to_si.o)
 .debug_abbrev  0x00000951       0xad c:/users/mahmoud/desktop/imt_sdk_win_64_2/imt_sdk_win_64/winavr/bin/../lib/gcc/avr/4.3.3/avr5\libgcc.a(_thenan_sf.o)
 .debug_abbrev  0x000009fe      0x157 c:/users/mahmoud/desktop/imt_sdk_win_64_2/imt_sdk_win_64/winavr/bin/../lib/gcc/avr/4.3.3/avr5\libgcc.a(_usi_to_sf.o)
 .debug_abbrev  0x00000b55       0xc4 c:/users/mahmoud/desktop/imt_sdk_win_64_2/imt_sdk_win_64/winavr/bin/../lib/gcc/avr/4.3.3/avr5\libgcc.a(_clzsi2.o)
 .debug_abbrev  0x00000c19      0x1c0 c:/users/mahmoud/desktop/imt_sdk_win_64_2/imt_sdk_win_64/winavr/bin/../lib/gcc/avr/4.3.3/avr5\libgcc.a(_pack_sf.o)
 .debug_abbrev  0x00000dd9      0x154 c:/users/mahmoud/desktop/imt_sdk_win_64_2/imt_sdk_win_64/winavr/bin/../lib/gcc/avr/4.3.3/avr5\libgcc.a(_unpack_sf.o)
 .debug_abbrev  0x00000f2d      0x13b c:/users/mahmoud/desktop/imt_sdk_win_64_2/imt_sdk_win_64/winavr/bin/../lib/gcc/avr/4.3.3/avr5\libgcc.a(_fpcmp_parts_sf.o)
 .debug_abbrev  0x00001068       0x6a c:/users/mahmoud/desktop/imt_sdk_win_64_2/imt_sdk_win_64/winavr/bin/../lib/gcc/avr/4.3.3/avr5\libgcc.a(_clz.o)

.debug_line     0x00000000     0x1030
 *(.debug_line)
 .debug_line    0x00000000       0xa7 c:/users/mahmoud/desktop/imt_sdk_win_64_2/imt_sdk_win_64/winavr/bin/../lib/gcc/avr/4.3.3/avr5\libgcc.a(_fixunssfsi.o)
 .debug_line    0x000000a7      0x2af c:/users/mahmoud/desktop/imt_sdk_win_64_2/imt_sdk_win_64/winavr/bin/../lib/gcc/avr/4.3.3/avr5\libgcc.a(_addsub_sf.o)
 .debug_line    0x00000356      0x239 c:/users/mahmoud/desktop/imt_sdk_win_64_2/imt_sdk_win_64/winavr/bin/../lib/gcc/avr/4.3.3/avr5\libgcc.a(_mul_sf.o)
 .debug_line    0x0000058f      0x1d5 c:/users/mahmoud/desktop/imt_sdk_win_64_2/imt_sdk_win_64/winavr/bin/../lib/gcc/avr/4.3.3/avr5\libgcc.a(_div_sf.o)
 .debug_line    0x00000764       0xd3 c:/users/mahmoud/desktop/imt_sdk_win_64_2/imt_sdk_win_64/winavr/bin/../lib/gcc/avr/4.3.3/avr5\libgcc.a(_ge_sf.o)
 .debug_line    0x00000837      0x109 c:/users/mahmoud/desktop/imt_sdk_win_64_2/imt_sdk_win_64/winavr/bin/../lib/gcc/avr/4.3.3/avr5\libgcc.a(_sf_to_si.o)
 .debug_line    0x00000940       0x90 c:/users/mahmoud/desktop/imt_sdk_win_64_2/imt_sdk_win_64/winavr/bin/../lib/gcc/avr/4.3.3/avr5\libgcc.a(_thenan_sf.o)
 .debug_line    0x000009d0      0x133 c:/users/mahmoud/desktop/imt_sdk_win_64_2/imt_sdk_win_64/winavr/bin/../lib/gcc/avr/4.3.3/avr5\libgcc.a(_usi_to_sf.o)
 .debug_line    0x00000b03       0xa5 c:/users/mahmoud/desktop/imt_sdk_win_64_2/imt_sdk_win_64/winavr/bin/../lib/gcc/avr/4.3.3/avr5\libgcc.a(_clzsi2.o)
 .debug_line    0x00000ba8      0x18a c:/users/mahmoud/desktop/imt_sdk_win_64_2/imt_sdk_win_64/winavr/bin/../lib/gcc/avr/4.3.3/avr5\libgcc.a(_pack_sf.o)
 .debug_line    0x00000d32      0x14b c:/users/mahmoud/desktop/imt_sdk_win_64_2/imt_sdk_win_64/winavr/bin/../lib/gcc/avr/4.3.3/avr5\libgcc.a(_unpack_sf.o)
 .debug_line    0x00000e7d      0x137 c:/users/mahmoud/desktop/imt_sdk_win_64_2/imt_sdk_win_64/winavr/bin/../lib/gcc/avr/4.3.3/avr5\libgcc.a(_fpcmp_parts_sf.o)
 .debug_line    0x00000fb4       0x7c c:/users/mahmoud/desktop/imt_sdk_win_64_2/imt_sdk_win_64/winavr/bin/../lib/gcc/avr/4.3.3/avr5\libgcc.a(_clz.o)

.debug_frame    0x00000000      0x180
 *(.debug_frame)
 .debug_frame   0x00000000       0x20 c:/users/mahmoud/desktop/imt_sdk_win_64_2/imt_sdk_win_64/winavr/bin/../lib/gcc/avr/4.3.3/avr5\libgcc.a(_fixunssfsi.o)
 .debug_frame   0x00000020       0x40 c:/users/mahmoud/desktop/imt_sdk_win_64_2/imt_sdk_win_64/winavr/bin/../lib/gcc/avr/4.3.3/avr5\libgcc.a(_addsub_sf.o)
 .debug_frame   0x00000060       0x20 c:/users/mahmoud/desktop/imt_sdk_win_64_2/imt_sdk_win_64/winavr/bin/../lib/gcc/avr/4.3.3/avr5\libgcc.a(_mul_sf.o)
 .debug_frame   0x00000080       0x20 c:/users/mahmoud/desktop/imt_sdk_win_64_2/imt_sdk_win_64/winavr/bin/../lib/gcc/avr/4.3.3/avr5\libgcc.a(_div_sf.o)
 .debug_frame   0x000000a0       0x20 c:/users/mahmoud/desktop/imt_sdk_win_64_2/imt_sdk_win_64/winavr/bin/../lib/gcc/avr/4.3.3/avr5\libgcc.a(_ge_sf.o)
 .debug_frame   0x000000c0       0x20 c:/users/mahmoud/desktop/imt_sdk_win_64_2/imt_sdk_win_64/winavr/bin/../lib/gcc/avr/4.3.3/avr5\libgcc.a(_sf_to_si.o)
 .debug_frame   0x000000e0       0x20 c:/users/mahmoud/desktop/imt_sdk_win_64_2/imt_sdk_win_64/winavr/bin/../lib/gcc/avr/4.3.3/avr5\libgcc.a(_usi_to_sf.o)
 .debug_frame   0x00000100       0x20 c:/users/mahmoud/desktop/imt_sdk_win_64_2/imt_sdk_win_64/winavr/bin/../lib/gcc/avr/4.3.3/avr5\libgcc.a(_clzsi2.o)
 .debug_frame   0x00000120       0x20 c:/users/mahmoud/desktop/imt_sdk_win_64_2/imt_sdk_win_64/winavr/bin/../lib/gcc/avr/4.3.3/avr5\libgcc.a(_pack_sf.o)
 .debug_frame   0x00000140       0x20 c:/users/mahmoud/desktop/imt_sdk_win_64_2/imt_sdk_win_64/winavr/bin/../lib/gcc/avr/4.3.3/avr5\libgcc.a(_unpack_sf.o)
 .debug_frame   0x00000160       0x20 c:/users/mahmoud/desktop/imt_sdk_win_64_2/imt_sdk_win_64/winavr/bin/../lib/gcc/avr/4.3.3/avr5\libgcc.a(_fpcmp_parts_sf.o)

.debug_str      0x00000000      0x2e6
 *(.debug_str)
 .debug_str     0x00000000       0xbf c:/users/mahmoud/desktop/imt_sdk_win_64_2/imt_sdk_win_64/winavr/bin/../lib/gcc/avr/4.3.3/avr5\libgcc.a(_fixunssfsi.o)
                                 0xfe (size before relaxing)
 .debug_str     0x000000bf      0x14d c:/users/mahmoud/desktop/imt_sdk_win_64_2/imt_sdk_win_64/winavr/bin/../lib/gcc/avr/4.3.3/avr5\libgcc.a(_addsub_sf.o)
                                0x206 (size before relaxing)
 .debug_str     0x0000020c       0x27 c:/users/mahmoud/desktop/imt_sdk_win_64_2/imt_sdk_win_64/winavr/bin/../lib/gcc/avr/4.3.3/avr5\libgcc.a(_mul_sf.o)
                                0x1bf (size before relaxing)
 .debug_str     0x00000233       0x35 c:/users/mahmoud/desktop/imt_sdk_win_64_2/imt_sdk_win_64/winavr/bin/../lib/gcc/avr/4.3.3/avr5\libgcc.a(_div_sf.o)
                                0x1c8 (size before relaxing)
 .debug_str     0x00000268        0x8 c:/users/mahmoud/desktop/imt_sdk_win_64_2/imt_sdk_win_64/winavr/bin/../lib/gcc/avr/4.3.3/avr5\libgcc.a(_ge_sf.o)
                                0x195 (size before relaxing)
 .debug_str     0x00000270        0xa c:/users/mahmoud/desktop/imt_sdk_win_64_2/imt_sdk_win_64/winavr/bin/../lib/gcc/avr/4.3.3/avr5\libgcc.a(_sf_to_si.o)
                                0x19e (size before relaxing)
 .debug_str     0x00000000      0x103 c:/users/mahmoud/desktop/imt_sdk_win_64_2/imt_sdk_win_64/winavr/bin/../lib/gcc/avr/4.3.3/avr5\libgcc.a(_thenan_sf.o)
 .debug_str     0x0000027a       0x21 c:/users/mahmoud/desktop/imt_sdk_win_64_2/imt_sdk_win_64/winavr/bin/../lib/gcc/avr/4.3.3/avr5\libgcc.a(_usi_to_sf.o)
                                0x177 (size before relaxing)
 .debug_str     0x0000029b       0x20 c:/users/mahmoud/desktop/imt_sdk_win_64_2/imt_sdk_win_64/winavr/bin/../lib/gcc/avr/4.3.3/avr5\libgcc.a(_clzsi2.o)
                                0x111 (size before relaxing)
 .debug_str     0x000002bb       0x10 c:/users/mahmoud/desktop/imt_sdk_win_64_2/imt_sdk_win_64/winavr/bin/../lib/gcc/avr/4.3.3/avr5\libgcc.a(_pack_sf.o)
                                0x19d (size before relaxing)
 .debug_str     0x000002cb        0xb c:/users/mahmoud/desktop/imt_sdk_win_64_2/imt_sdk_win_64/winavr/bin/../lib/gcc/avr/4.3.3/avr5\libgcc.a(_unpack_sf.o)
                                0x17f (size before relaxing)
 .debug_str     0x000002d6       0x10 c:/users/mahmoud/desktop/imt_sdk_win_64_2/imt_sdk_win_64/winavr/bin/../lib/gcc/avr/4.3.3/avr5\libgcc.a(_fpcmp_parts_sf.o)
                                0x163 (size before relaxing)
 .debug_str     0x00000000       0xf4 c:/users/mahmoud/desktop/imt_sdk_win_64_2/imt_sdk_win_64/winavr/bin/../lib/gcc/avr/4.3.3/avr5\libgcc.a(_clz.o)

.debug_loc      0x00000000      0x8f6
 *(.debug_loc)
 .debug_loc     0x00000000       0x34 c:/users/mahmoud/desktop/imt_sdk_win_64_2/imt_sdk_win_64/winavr/bin/../lib/gcc/avr/4.3.3/avr5\libgcc.a(_fixunssfsi.o)
 .debug_loc     0x00000034      0x32a c:/users/mahmoud/desktop/imt_sdk_win_64_2/imt_sdk_win_64/winavr/bin/../lib/gcc/avr/4.3.3/avr5\libgcc.a(_addsub_sf.o)
 .debug_loc     0x0000035e      0x104 c:/users/mahmoud/desktop/imt_sdk_win_64_2/imt_sdk_win_64/winavr/bin/../lib/gcc/avr/4.3.3/avr5\libgcc.a(_mul_sf.o)
 .debug_loc     0x00000462       0xc0 c:/users/mahmoud/desktop/imt_sdk_win_64_2/imt_sdk_win_64/winavr/bin/../lib/gcc/avr/4.3.3/avr5\libgcc.a(_div_sf.o)
 .debug_loc     0x00000522       0x3c c:/users/mahmoud/desktop/imt_sdk_win_64_2/imt_sdk_win_64/winavr/bin/../lib/gcc/avr/4.3.3/avr5\libgcc.a(_ge_sf.o)
 .debug_loc     0x0000055e       0x7e c:/users/mahmoud/desktop/imt_sdk_win_64_2/imt_sdk_win_64/winavr/bin/../lib/gcc/avr/4.3.3/avr5\libgcc.a(_sf_to_si.o)
 .debug_loc     0x000005dc       0x4c c:/users/mahmoud/desktop/imt_sdk_win_64_2/imt_sdk_win_64/winavr/bin/../lib/gcc/avr/4.3.3/avr5\libgcc.a(_usi_to_sf.o)
 .debug_loc     0x00000628       0x94 c:/users/mahmoud/desktop/imt_sdk_win_64_2/imt_sdk_win_64/winavr/bin/../lib/gcc/avr/4.3.3/avr5\libgcc.a(_clzsi2.o)
 .debug_loc     0x000006bc      0x13e c:/users/mahmoud/desktop/imt_sdk_win_64_2/imt_sdk_win_64/winavr/bin/../lib/gcc/avr/4.3.3/avr5\libgcc.a(_pack_sf.o)
 .debug_loc     0x000007fa       0xac c:/users/mahmoud/desktop/imt_sdk_win_64_2/imt_sdk_win_64/winavr/bin/../lib/gcc/avr/4.3.3/avr5\libgcc.a(_unpack_sf.o)
 .debug_loc     0x000008a6       0x50 c:/users/mahmoud/desktop/imt_sdk_win_64_2/imt_sdk_win_64/winavr/bin/../lib/gcc/avr/4.3.3/avr5\libgcc.a(_fpcmp_parts_sf.o)

.debug_macinfo
 *(.debug_macinfo)
OUTPUT(AMIT_TRANSMIT.elf elf32-avr)
LOAD linker stubs

.debug_ranges   0x00000000       0x50
 .debug_ranges  0x00000000       0x50 c:/users/mahmoud/desktop/imt_sdk_win_64_2/imt_sdk_win_64/winavr/bin/../lib/gcc/avr/4.3.3/avr5\libgcc.a(_mul_sf.o)
