Archive member included because of file (symbol)

c:/users/mahmoud/desktop/imt_sdk_win_64_2/imt_sdk_win_64/winavr/bin/../lib/gcc/avr/4.3.3/avr5\libgcc.a(_mulsi3.o)
                              ./HAL/LCD/LCD_Program.o (__mulsi3)
c:/users/mahmoud/desktop/imt_sdk_win_64_2/imt_sdk_win_64/winavr/bin/../lib/gcc/avr/4.3.3/avr5\libgcc.a(_udivmodhi4.o)
                              ./RTOS/RTOS_PROG.o (__udivmodhi4)
c:/users/mahmoud/desktop/imt_sdk_win_64_2/imt_sdk_win_64/winavr/bin/../lib/gcc/avr/4.3.3/avr5\libgcc.a(_udivmodsi4.o)
                              ./HAL/LCD/LCD_Program.o (__udivmodsi4)
c:/users/mahmoud/desktop/imt_sdk_win_64_2/imt_sdk_win_64/winavr/bin/../lib/gcc/avr/4.3.3/avr5\libgcc.a(_divmodsi4.o)
                              ./HAL/LCD/LCD_Program.o (__divmodsi4)
c:/users/mahmoud/desktop/imt_sdk_win_64_2/imt_sdk_win_64/winavr/bin/../lib/gcc/avr/4.3.3/avr5\libgcc.a(_exit.o)
                              c:/users/mahmoud/desktop/imt_sdk_win_64_2/imt_sdk_win_64/winavr/bin/../lib/gcc/avr/4.3.3/../../../../avr/lib/avr5/crtm32.o (exit)
c:/users/mahmoud/desktop/imt_sdk_win_64_2/imt_sdk_win_64/winavr/bin/../lib/gcc/avr/4.3.3/avr5\libgcc.a(_copy_data.o)
                              ./HAL/KEYPAD/KEYPAD_Program.o (__do_copy_data)
c:/users/mahmoud/desktop/imt_sdk_win_64_2/imt_sdk_win_64/winavr/bin/../lib/gcc/avr/4.3.3/avr5\libgcc.a(_clear_bss.o)
                              ./RTOS/RTOS_PROG.o (__do_clear_bss)
c:/users/mahmoud/desktop/imt_sdk_win_64_2/imt_sdk_win_64/winavr/bin/../lib/gcc/avr/4.3.3/avr5\libgcc.a(_fixunssfsi.o)
                              ./MCAL/ADC/ADC_prog.o (__fixunssfsi)
c:/users/mahmoud/desktop/imt_sdk_win_64_2/imt_sdk_win_64/winavr/bin/../lib/gcc/avr/4.3.3/avr5\libgcc.a(_addsub_sf.o)
                              c:/users/mahmoud/desktop/imt_sdk_win_64_2/imt_sdk_win_64/winavr/bin/../lib/gcc/avr/4.3.3/avr5\libgcc.a(_fixunssfsi.o) (__subsf3)
c:/users/mahmoud/desktop/imt_sdk_win_64_2/imt_sdk_win_64/winavr/bin/../lib/gcc/avr/4.3.3/avr5\libgcc.a(_mul_sf.o)
                              ./MCAL/ADC/ADC_prog.o (__mulsf3)
c:/users/mahmoud/desktop/imt_sdk_win_64_2/imt_sdk_win_64/winavr/bin/../lib/gcc/avr/4.3.3/avr5\libgcc.a(_div_sf.o)
                              ./MCAL/ADC/ADC_prog.o (__divsf3)
c:/users/mahmoud/desktop/imt_sdk_win_64_2/imt_sdk_win_64/winavr/bin/../lib/gcc/avr/4.3.3/avr5\libgcc.a(_ge_sf.o)
                              c:/users/mahmoud/desktop/imt_sdk_win_64_2/imt_sdk_win_64/winavr/bin/../lib/gcc/avr/4.3.3/avr5\libgcc.a(_fixunssfsi.o) (__gesf2)
c:/users/mahmoud/desktop/imt_sdk_win_64_2/imt_sdk_win_64/winavr/bin/../lib/gcc/avr/4.3.3/avr5\libgcc.a(_sf_to_si.o)
                              c:/users/mahmoud/desktop/imt_sdk_win_64_2/imt_sdk_win_64/winavr/bin/../lib/gcc/avr/4.3.3/avr5\libgcc.a(_fixunssfsi.o) (__fixsfsi)
c:/users/mahmoud/desktop/imt_sdk_win_64_2/imt_sdk_win_64/winavr/bin/../lib/gcc/avr/4.3.3/avr5\libgcc.a(_thenan_sf.o)
                              c:/users/mahmoud/desktop/imt_sdk_win_64_2/imt_sdk_win_64/winavr/bin/../lib/gcc/avr/4.3.3/avr5\libgcc.a(_addsub_sf.o) (__thenan_sf)
c:/users/mahmoud/desktop/imt_sdk_win_64_2/imt_sdk_win_64/winavr/bin/../lib/gcc/avr/4.3.3/avr5\libgcc.a(_usi_to_sf.o)
                              ./MCAL/ADC/ADC_prog.o (__floatunsisf)
c:/users/mahmoud/desktop/imt_sdk_win_64_2/imt_sdk_win_64/winavr/bin/../lib/gcc/avr/4.3.3/avr5\libgcc.a(_prologue.o)
                              c:/users/mahmoud/desktop/imt_sdk_win_64_2/imt_sdk_win_64/winavr/bin/../lib/gcc/avr/4.3.3/avr5\libgcc.a(_addsub_sf.o) (__prologue_saves__)
c:/users/mahmoud/desktop/imt_sdk_win_64_2/imt_sdk_win_64/winavr/bin/../lib/gcc/avr/4.3.3/avr5\libgcc.a(_epilogue.o)
                              c:/users/mahmoud/desktop/imt_sdk_win_64_2/imt_sdk_win_64/winavr/bin/../lib/gcc/avr/4.3.3/avr5\libgcc.a(_addsub_sf.o) (__epilogue_restores__)
c:/users/mahmoud/desktop/imt_sdk_win_64_2/imt_sdk_win_64/winavr/bin/../lib/gcc/avr/4.3.3/avr5\libgcc.a(_clzsi2.o)
                              c:/users/mahmoud/desktop/imt_sdk_win_64_2/imt_sdk_win_64/winavr/bin/../lib/gcc/avr/4.3.3/avr5\libgcc.a(_usi_to_sf.o) (__clzsi2)
c:/users/mahmoud/desktop/imt_sdk_win_64_2/imt_sdk_win_64/winavr/bin/../lib/gcc/avr/4.3.3/avr5\libgcc.a(_pack_sf.o)
                              c:/users/mahmoud/desktop/imt_sdk_win_64_2/imt_sdk_win_64/winavr/bin/../lib/gcc/avr/4.3.3/avr5\libgcc.a(_addsub_sf.o) (__pack_f)
c:/users/mahmoud/desktop/imt_sdk_win_64_2/imt_sdk_win_64/winavr/bin/../lib/gcc/avr/4.3.3/avr5\libgcc.a(_unpack_sf.o)
                              c:/users/mahmoud/desktop/imt_sdk_win_64_2/imt_sdk_win_64/winavr/bin/../lib/gcc/avr/4.3.3/avr5\libgcc.a(_addsub_sf.o) (__unpack_f)
c:/users/mahmoud/desktop/imt_sdk_win_64_2/imt_sdk_win_64/winavr/bin/../lib/gcc/avr/4.3.3/avr5\libgcc.a(_fpcmp_parts_sf.o)
                              c:/users/mahmoud/desktop/imt_sdk_win_64_2/imt_sdk_win_64/winavr/bin/../lib/gcc/avr/4.3.3/avr5\libgcc.a(_ge_sf.o) (__fpcmp_parts_f)
c:/users/mahmoud/desktop/imt_sdk_win_64_2/imt_sdk_win_64/winavr/bin/../lib/gcc/avr/4.3.3/avr5\libgcc.a(_clz.o)
                              c:/users/mahmoud/desktop/imt_sdk_win_64_2/imt_sdk_win_64/winavr/bin/../lib/gcc/avr/4.3.3/avr5\libgcc.a(_clzsi2.o) (__clz_tab)

Allocating common symbols
Common symbol       size              file

SystenTask          0xf               ./RTOS/RTOS_PROG.o

Memory Configuration

Name             Origin             Length             Attributes
text             0x00000000         0x00020000         xr
data             0x00800060         0x0000ffa0         rw !x
eeprom           0x00810000         0x00010000         rw !x
fuse             0x00820000         0x00000400         rw !x
lock             0x00830000         0x00000400         rw !x
signature        0x00840000         0x00000400         rw !x
*default*        0x00000000         0xffffffff

Linker script and memory map

LOAD c:/users/mahmoud/desktop/imt_sdk_win_64_2/imt_sdk_win_64/winavr/bin/../lib/gcc/avr/4.3.3/../../../../avr/lib/avr5/crtm32.o
LOAD ./RTOS/RTOS_PROG.o
LOAD ./MCAL/WDT/WDT.o
LOAD ./MCAL/UART/UART_prog.o
LOAD ./MCAL/TWI/TWI_prog.o
LOAD ./MCAL/TIMERS/TIMER_Prog.o
LOAD ./MCAL/SPI/SPI_prog.o
LOAD ./MCAL/GLOBAL_INTERRUPT/Global_Interrupt_prog.o
LOAD ./MCAL/External_Interrupt/External_Interrupt_Prog.o
LOAD ./MCAL/DIO/DIO_Program.o
LOAD ./MCAL/ADC/ADC_prog.o
LOAD ./HAL/MOTOR/MOTOR_Prog.o
LOAD ./HAL/LCD/LCD_Program.o
LOAD ./HAL/KEYPAD/KEYPAD_Program.o
LOAD ./HAL/EEPROM/EEPROM_proh.o
LOAD ./APP/main.o
LOAD c:/users/mahmoud/desktop/imt_sdk_win_64_2/imt_sdk_win_64/winavr/bin/../lib/gcc/avr/4.3.3/avr5\libgcc.a
LOAD c:/users/mahmoud/desktop/imt_sdk_win_64_2/imt_sdk_win_64/winavr/bin/../lib/gcc/avr/4.3.3/../../../../avr/lib/avr5\libc.a
LOAD c:/users/mahmoud/desktop/imt_sdk_win_64_2/imt_sdk_win_64/winavr/bin/../lib/gcc/avr/4.3.3/avr5\libgcc.a

.hash
 *(.hash)

.dynsym
 *(.dynsym)

.dynstr
 *(.dynstr)

.gnu.version
 *(.gnu.version)

.gnu.version_d
 *(.gnu.version_d)

.gnu.version_r
 *(.gnu.version_r)

.rel.init
 *(.rel.init)

.rela.init
 *(.rela.init)

.rel.text
 *(.rel.text)
 *(.rel.text.*)
 *(.rel.gnu.linkonce.t*)

.rela.text
 *(.rela.text)
 *(.rela.text.*)
 *(.rela.gnu.linkonce.t*)

.rel.fini
 *(.rel.fini)

.rela.fini
 *(.rela.fini)

.rel.rodata
 *(.rel.rodata)
 *(.rel.rodata.*)
 *(.rel.gnu.linkonce.r*)

.rela.rodata
 *(.rela.rodata)
 *(.rela.rodata.*)
 *(.rela.gnu.linkonce.r*)

.rel.data
 *(.rel.data)
 *(.rel.data.*)
 *(.rel.gnu.linkonce.d*)

.rela.data
 *(.rela.data)
 *(.rela.data.*)
 *(.rela.gnu.linkonce.d*)

.rel.ctors
 *(.rel.ctors)

.rela.ctors
 *(.rela.ctors)

.rel.dtors
 *(.rel.dtors)

.rela.dtors
 *(.rela.dtors)

.rel.got
 *(.rel.got)

.rela.got
 *(.rela.got)

.rel.bss
 *(.rel.bss)

.rela.bss
 *(.rela.bss)

.rel.plt
 *(.rel.plt)

.rela.plt
 *(.rela.plt)

.text           0x00000000     0x2148
 *(.vectors)
 .vectors       0x00000000       0x54 c:/users/mahmoud/desktop/imt_sdk_win_64_2/imt_sdk_win_64/winavr/bin/../lib/gcc/avr/4.3.3/../../../../avr/lib/avr5/crtm32.o
                0x00000000                __vectors
                0x00000000                __vector_default
 *(.vectors)
 *(.progmem.gcc*)
 *(.progmem*)
                0x00000054                . = ALIGN (0x2)
                0x00000054                __trampolines_start = .
 *(.trampolines)
 .trampolines   0x00000054        0x0 linker stubs
 *(.trampolines*)
                0x00000054                __trampolines_end = .
 *(.jumptables)
 *(.jumptables*)
 *(.lowtext)
 *(.lowtext*)
                0x00000054                __ctors_start = .
 *(.ctors)
                0x00000054                __ctors_end = .
                0x00000054                __dtors_start = .
 *(.dtors)
                0x00000054                __dtors_end = .
 SORT(*)(.ctors)
 SORT(*)(.dtors)
 *(.init0)
 .init0         0x00000054        0x0 c:/users/mahmoud/desktop/imt_sdk_win_64_2/imt_sdk_win_64/winavr/bin/../lib/gcc/avr/4.3.3/../../../../avr/lib/avr5/crtm32.o
                0x00000054                __init
 *(.init0)
 *(.init1)
 *(.init1)
 *(.init2)
 .init2         0x00000054        0xc c:/users/mahmoud/desktop/imt_sdk_win_64_2/imt_sdk_win_64/winavr/bin/../lib/gcc/avr/4.3.3/../../../../avr/lib/avr5/crtm32.o
 *(.init2)
 *(.init3)
 *(.init3)
 *(.init4)
 .init4         0x00000060       0x16 c:/users/mahmoud/desktop/imt_sdk_win_64_2/imt_sdk_win_64/winavr/bin/../lib/gcc/avr/4.3.3/avr5\libgcc.a(_copy_data.o)
                0x00000060                __do_copy_data
 .init4         0x00000076       0x10 c:/users/mahmoud/desktop/imt_sdk_win_64_2/imt_sdk_win_64/winavr/bin/../lib/gcc/avr/4.3.3/avr5\libgcc.a(_clear_bss.o)
                0x00000076                __do_clear_bss
 *(.init4)
 *(.init5)
 *(.init5)
 *(.init6)
 *(.init6)
 *(.init7)
 *(.init7)
 *(.init8)
 *(.init8)
 *(.init9)
 .init9         0x00000086        0x8 c:/users/mahmoud/desktop/imt_sdk_win_64_2/imt_sdk_win_64/winavr/bin/../lib/gcc/avr/4.3.3/../../../../avr/lib/avr5/crtm32.o
 *(.init9)
 *(.text)
 .text          0x0000008e        0x4 c:/users/mahmoud/desktop/imt_sdk_win_64_2/imt_sdk_win_64/winavr/bin/../lib/gcc/avr/4.3.3/../../../../avr/lib/avr5/crtm32.o
                0x0000008e                __vector_1
                0x0000008e                __vector_12
                0x0000008e                __bad_interrupt
                0x0000008e                __vector_3
                0x0000008e                __vector_13
                0x0000008e                __vector_17
                0x0000008e                __vector_19
                0x0000008e                __vector_5
                0x0000008e                __vector_4
                0x0000008e                __vector_2
                0x0000008e                __vector_15
                0x0000008e                __vector_14
                0x0000008e                __vector_16
                0x0000008e                __vector_18
                0x0000008e                __vector_20
 .text          0x00000092        0x0 ./RTOS/RTOS_PROG.o
 .text          0x00000092        0x0 ./MCAL/WDT/WDT.o
 .text          0x00000092        0x0 ./MCAL/UART/UART_prog.o
 .text          0x00000092        0x0 ./MCAL/TWI/TWI_prog.o
 .text          0x00000092        0x0 ./MCAL/TIMERS/TIMER_Prog.o
 .text          0x00000092        0x0 ./MCAL/SPI/SPI_prog.o
 .text          0x00000092        0x0 ./MCAL/GLOBAL_INTERRUPT/Global_Interrupt_prog.o
 .text          0x00000092        0x0 ./MCAL/External_Interrupt/External_Interrupt_Prog.o
 .text          0x00000092        0x0 ./MCAL/DIO/DIO_Program.o
 .text          0x00000092        0x0 ./MCAL/ADC/ADC_prog.o
 .text          0x00000092        0x0 ./HAL/MOTOR/MOTOR_Prog.o
 .text          0x00000092        0x0 ./HAL/LCD/LCD_Program.o
 .text          0x00000092        0x0 ./HAL/KEYPAD/KEYPAD_Program.o
 .text          0x00000092        0x0 ./HAL/EEPROM/EEPROM_proh.o
 .text          0x00000092        0x0 ./APP/main.o
 .text          0x00000092        0x0 c:/users/mahmoud/desktop/imt_sdk_win_64_2/imt_sdk_win_64/winavr/bin/../lib/gcc/avr/4.3.3/avr5\libgcc.a(_mulsi3.o)
 .text          0x00000092        0x0 c:/users/mahmoud/desktop/imt_sdk_win_64_2/imt_sdk_win_64/winavr/bin/../lib/gcc/avr/4.3.3/avr5\libgcc.a(_udivmodhi4.o)
 .text          0x00000092        0x0 c:/users/mahmoud/desktop/imt_sdk_win_64_2/imt_sdk_win_64/winavr/bin/../lib/gcc/avr/4.3.3/avr5\libgcc.a(_udivmodsi4.o)
 .text          0x00000092        0x0 c:/users/mahmoud/desktop/imt_sdk_win_64_2/imt_sdk_win_64/winavr/bin/../lib/gcc/avr/4.3.3/avr5\libgcc.a(_divmodsi4.o)
 .text          0x00000092        0x0 c:/users/mahmoud/desktop/imt_sdk_win_64_2/imt_sdk_win_64/winavr/bin/../lib/gcc/avr/4.3.3/avr5\libgcc.a(_exit.o)
 .text          0x00000092        0x0 c:/users/mahmoud/desktop/imt_sdk_win_64_2/imt_sdk_win_64/winavr/bin/../lib/gcc/avr/4.3.3/avr5\libgcc.a(_copy_data.o)
 .text          0x00000092        0x0 c:/users/mahmoud/desktop/imt_sdk_win_64_2/imt_sdk_win_64/winavr/bin/../lib/gcc/avr/4.3.3/avr5\libgcc.a(_clear_bss.o)
 .text          0x00000092       0x58 c:/users/mahmoud/desktop/imt_sdk_win_64_2/imt_sdk_win_64/winavr/bin/../lib/gcc/avr/4.3.3/avr5\libgcc.a(_fixunssfsi.o)
                0x00000092                __fixunssfsi
 .text          0x000000ea      0x354 c:/users/mahmoud/desktop/imt_sdk_win_64_2/imt_sdk_win_64/winavr/bin/../lib/gcc/avr/4.3.3/avr5\libgcc.a(_addsub_sf.o)
                0x00000382                __subsf3
                0x000003e4                __addsf3
 .text          0x0000043e      0x1f4 c:/users/mahmoud/desktop/imt_sdk_win_64_2/imt_sdk_win_64/winavr/bin/../lib/gcc/avr/4.3.3/avr5\libgcc.a(_mul_sf.o)
                0x0000043e                __mulsf3
 .text          0x00000632      0x158 c:/users/mahmoud/desktop/imt_sdk_win_64_2/imt_sdk_win_64/winavr/bin/../lib/gcc/avr/4.3.3/avr5\libgcc.a(_div_sf.o)
                0x00000632                __divsf3
 .text          0x0000078a       0x60 c:/users/mahmoud/desktop/imt_sdk_win_64_2/imt_sdk_win_64/winavr/bin/../lib/gcc/avr/4.3.3/avr5\libgcc.a(_ge_sf.o)
                0x0000078a                __gesf2
 .text          0x000007ea       0xa8 c:/users/mahmoud/desktop/imt_sdk_win_64_2/imt_sdk_win_64/winavr/bin/../lib/gcc/avr/4.3.3/avr5\libgcc.a(_sf_to_si.o)
                0x000007ea                __fixsfsi
 .text          0x00000892        0x0 c:/users/mahmoud/desktop/imt_sdk_win_64_2/imt_sdk_win_64/winavr/bin/../lib/gcc/avr/4.3.3/avr5\libgcc.a(_thenan_sf.o)
 .text          0x00000892       0xf2 c:/users/mahmoud/desktop/imt_sdk_win_64_2/imt_sdk_win_64/winavr/bin/../lib/gcc/avr/4.3.3/avr5\libgcc.a(_usi_to_sf.o)
                0x00000892                __floatunsisf
 .text          0x00000984        0x0 c:/users/mahmoud/desktop/imt_sdk_win_64_2/imt_sdk_win_64/winavr/bin/../lib/gcc/avr/4.3.3/avr5\libgcc.a(_prologue.o)
 .text          0x00000984        0x0 c:/users/mahmoud/desktop/imt_sdk_win_64_2/imt_sdk_win_64/winavr/bin/../lib/gcc/avr/4.3.3/avr5\libgcc.a(_epilogue.o)
 .text          0x00000984       0x9e c:/users/mahmoud/desktop/imt_sdk_win_64_2/imt_sdk_win_64/winavr/bin/../lib/gcc/avr/4.3.3/avr5\libgcc.a(_clzsi2.o)
                0x00000984                __clzsi2
 .text          0x00000a22      0x1aa c:/users/mahmoud/desktop/imt_sdk_win_64_2/imt_sdk_win_64/winavr/bin/../lib/gcc/avr/4.3.3/avr5\libgcc.a(_pack_sf.o)
                0x00000a22                __pack_f
 .text          0x00000bcc       0xf0 c:/users/mahmoud/desktop/imt_sdk_win_64_2/imt_sdk_win_64/winavr/bin/../lib/gcc/avr/4.3.3/avr5\libgcc.a(_unpack_sf.o)
                0x00000bcc                __unpack_f
 .text          0x00000cbc       0xb2 c:/users/mahmoud/desktop/imt_sdk_win_64_2/imt_sdk_win_64/winavr/bin/../lib/gcc/avr/4.3.3/avr5\libgcc.a(_fpcmp_parts_sf.o)
                0x00000cbc                __fpcmp_parts_f
 .text          0x00000d6e        0x0 c:/users/mahmoud/desktop/imt_sdk_win_64_2/imt_sdk_win_64/winavr/bin/../lib/gcc/avr/4.3.3/avr5\libgcc.a(_clz.o)
                0x00000d6e                . = ALIGN (0x2)
 *(.text.*)
 .text.CREATE_TASK_RTOS
                0x00000d6e       0x30 ./RTOS/RTOS_PROG.o
                0x00000d6e                CREATE_TASK_RTOS
 .text.SUSBEND_TASK
                0x00000d9e       0x18 ./RTOS/RTOS_PROG.o
                0x00000d9e                SUSBEND_TASK
 .text.RESUME_TASK
                0x00000db6       0x1a ./RTOS/RTOS_PROG.o
                0x00000db6                RESUME_TASK
 .text.DELETE_TASK
                0x00000dd0       0x1a ./RTOS/RTOS_PROG.o
                0x00000dd0                DELETE_TASK
 .text.SCHEDULAR
                0x00000dea       0x4e ./RTOS/RTOS_PROG.o
 .text.START_RTOS
                0x00000e38       0x1c ./RTOS/RTOS_PROG.o
                0x00000e38                START_RTOS
 .text.WDT_ENABEL
                0x00000e54        0xc ./MCAL/WDT/WDT.o
                0x00000e54                WDT_ENABEL
 .text.WDT_DISABLE
                0x00000e60        0xa ./MCAL/WDT/WDT.o
                0x00000e60                WDT_DISABLE
 .text.UART_Send_Char
                0x00000e6a        0x8 ./MCAL/UART/UART_prog.o
                0x00000e6a                UART_Send_Char
 .text.UART_Recive_Char
                0x00000e72        0x8 ./MCAL/UART/UART_prog.o
                0x00000e72                UART_Recive_Char
 .text.UART_INIT
                0x00000e7a       0x26 ./MCAL/UART/UART_prog.o
                0x00000e7a                UART_INIT
 .text.vMASTER_init
                0x00000ea0       0x16 ./MCAL/TWI/TWI_prog.o
                0x00000ea0                vMASTER_init
 .text.vMASTER_START_condition
                0x00000eb6       0x14 ./MCAL/TWI/TWI_prog.o
                0x00000eb6                vMASTER_START_condition
 .text.vMASTER_REP_START_condition
                0x00000eca       0x14 ./MCAL/TWI/TWI_prog.o
                0x00000eca                vMASTER_REP_START_condition
 .text.vMASTER_STOP_condition
                0x00000ede        0xe ./MCAL/TWI/TWI_prog.o
                0x00000ede                vMASTER_STOP_condition
 .text.MASTER_SEND_ADDRESS_WRITE
                0x00000eec       0x1e ./MCAL/TWI/TWI_prog.o
                0x00000eec                MASTER_SEND_ADDRESS_WRITE
 .text.MASTER_SEND_ADDRESS_READ
                0x00000f0a       0x1e ./MCAL/TWI/TWI_prog.o
                0x00000f0a                MASTER_SEND_ADDRESS_READ
 .text.MASTER_SEND_DATA
                0x00000f28       0x10 ./MCAL/TWI/TWI_prog.o
                0x00000f28                MASTER_SEND_DATA
 .text.MASTER_RECIVE_DATA
                0x00000f38       0x16 ./MCAL/TWI/TWI_prog.o
                0x00000f38                MASTER_RECIVE_DATA
 .text.I2C_reciveByte
                0x00000f4e       0x24 ./MCAL/TWI/TWI_prog.o
                0x00000f4e                I2C_reciveByte
 .text.vTIMER0_INIT
                0x00000f72       0x14 ./MCAL/TIMERS/TIMER_Prog.o
                0x00000f72                vTIMER0_INIT
 .text.vTIMER0_START
                0x00000f86        0xe ./MCAL/TIMERS/TIMER_Prog.o
                0x00000f86                vTIMER0_START
 .text.vTIMER0_STOP
                0x00000f94       0x14 ./MCAL/TIMERS/TIMER_Prog.o
                0x00000f94                vTIMER0_STOP
 .text.vTIMER0_preload
                0x00000fa8        0x4 ./MCAL/TIMERS/TIMER_Prog.o
                0x00000fa8                vTIMER0_preload
 .text.vTIMER0_Compare_OCR0
                0x00000fac        0x4 ./MCAL/TIMERS/TIMER_Prog.o
                0x00000fac                vTIMER0_Compare_OCR0
 .text.vTIMER0_OF_CallBack
                0x00000fb0        0xa ./MCAL/TIMERS/TIMER_Prog.o
                0x00000fb0                vTIMER0_OF_CallBack
 .text.vTIMER0_OC_CallBack
                0x00000fba        0xa ./MCAL/TIMERS/TIMER_Prog.o
                0x00000fba                vTIMER0_OC_CallBack
 .text.__vector_11
                0x00000fc4       0x52 ./MCAL/TIMERS/TIMER_Prog.o
                0x00000fc4                __vector_11
 .text.__vector_10
                0x00001016       0x52 ./MCAL/TIMERS/TIMER_Prog.o
                0x00001016                __vector_10
 .text.vTIMER1_INIT
                0x00001068       0x1a ./MCAL/TIMERS/TIMER_Prog.o
                0x00001068                vTIMER1_INIT
 .text.Timer1_OCRA1Mode
                0x00001082       0x34 ./MCAL/TIMERS/TIMER_Prog.o
                0x00001082                Timer1_OCRA1Mode
 .text.Timer1_OCRB1Mode
                0x000010b6       0x34 ./MCAL/TIMERS/TIMER_Prog.o
                0x000010b6                Timer1_OCRB1Mode
 .text.vTIMER1_START
                0x000010ea        0xe ./MCAL/TIMERS/TIMER_Prog.o
                0x000010ea                vTIMER1_START
 .text.vTIMER1_STOP
                0x000010f8       0x14 ./MCAL/TIMERS/TIMER_Prog.o
                0x000010f8                vTIMER1_STOP
 .text.vTIMER1_preload
                0x0000110c        0x8 ./MCAL/TIMERS/TIMER_Prog.o
                0x0000110c                vTIMER1_preload
 .text.vTIMER1_Compare_OCR1A
                0x00001114        0x8 ./MCAL/TIMERS/TIMER_Prog.o
                0x00001114                vTIMER1_Compare_OCR1A
 .text.vTIMER1_Compare_OCRB1
                0x0000111c        0x8 ./MCAL/TIMERS/TIMER_Prog.o
                0x0000111c                vTIMER1_Compare_OCRB1
 .text.vTIMER1_ICU1
                0x00001124        0x8 ./MCAL/TIMERS/TIMER_Prog.o
                0x00001124                vTIMER1_ICU1
 .text.Timer1_InputCaptureEdge
                0x0000112c        0xc ./MCAL/TIMERS/TIMER_Prog.o
                0x0000112c                Timer1_InputCaptureEdge
 .text.Timer1_ICU_InterruptEnable
                0x00001138        0x8 ./MCAL/TIMERS/TIMER_Prog.o
                0x00001138                Timer1_ICU_InterruptEnable
 .text.Timer1_ICU_InterruptDisable
                0x00001140        0x8 ./MCAL/TIMERS/TIMER_Prog.o
                0x00001140                Timer1_ICU_InterruptDisable
 .text.Timer1_OVF_InterruptEnable
                0x00001148        0x8 ./MCAL/TIMERS/TIMER_Prog.o
                0x00001148                Timer1_OVF_InterruptEnable
 .text.Timer1_OVF_InterruptDisable
                0x00001150        0x8 ./MCAL/TIMERS/TIMER_Prog.o
                0x00001150                Timer1_OVF_InterruptDisable
 .text.Timer1_OCA_InterruptEnable
                0x00001158        0x8 ./MCAL/TIMERS/TIMER_Prog.o
                0x00001158                Timer1_OCA_InterruptEnable
 .text.Timer1_OCA_InterruptDisable
                0x00001160        0x8 ./MCAL/TIMERS/TIMER_Prog.o
                0x00001160                Timer1_OCA_InterruptDisable
 .text.Timer1_OCB_InterruptEnable
                0x00001168        0x8 ./MCAL/TIMERS/TIMER_Prog.o
                0x00001168                Timer1_OCB_InterruptEnable
 .text.Timer1_OCB_InterruptDisable
                0x00001170        0x8 ./MCAL/TIMERS/TIMER_Prog.o
                0x00001170                Timer1_OCB_InterruptDisable
 .text.Timer1_OVF_SetCallBack
                0x00001178        0xa ./MCAL/TIMERS/TIMER_Prog.o
                0x00001178                Timer1_OVF_SetCallBack
 .text.Timer1_OCA_SetCallBack
                0x00001182        0xa ./MCAL/TIMERS/TIMER_Prog.o
                0x00001182                Timer1_OCA_SetCallBack
 .text.Timer1_OCB_SetCallBack
                0x0000118c        0xa ./MCAL/TIMERS/TIMER_Prog.o
                0x0000118c                Timer1_OCB_SetCallBack
 .text.Timer1_ICU_SetCallBack
                0x00001196        0xa ./MCAL/TIMERS/TIMER_Prog.o
                0x00001196                Timer1_ICU_SetCallBack
 .text.__vector_9
                0x000011a0       0x52 ./MCAL/TIMERS/TIMER_Prog.o
                0x000011a0                __vector_9
 .text.__vector_7
                0x000011f2       0x52 ./MCAL/TIMERS/TIMER_Prog.o
                0x000011f2                __vector_7
 .text.__vector_8
                0x00001244       0x52 ./MCAL/TIMERS/TIMER_Prog.o
                0x00001244                __vector_8
 .text.__vector_6
                0x00001296       0x52 ./MCAL/TIMERS/TIMER_Prog.o
                0x00001296                __vector_6
 .text.SPI_INIT
                0x000012e8       0x12 ./MCAL/SPI/SPI_prog.o
                0x000012e8                SPI_INIT
 .text.SPI_TRAS_RECIVE
                0x000012fa       0x16 ./MCAL/SPI/SPI_prog.o
                0x000012fa                SPI_TRAS_RECIVE
 .text.vGlobal_interrupt_Enable
                0x00001310        0x8 ./MCAL/GLOBAL_INTERRUPT/Global_Interrupt_prog.o
                0x00001310                vGlobal_interrupt_Enable
 .text.vGlobal_interrupt_Disable
                0x00001318        0x8 ./MCAL/GLOBAL_INTERRUPT/Global_Interrupt_prog.o
                0x00001318                vGlobal_interrupt_Disable
 .text.vExternal_Interrupt_Enable
                0x00001320       0xb4 ./MCAL/External_Interrupt/External_Interrupt_Prog.o
                0x00001320                vExternal_Interrupt_Enable
 .text.vExternal_Interrupt_Disable
                0x000013d4        0x2 ./MCAL/External_Interrupt/External_Interrupt_Prog.o
                0x000013d4                vExternal_Interrupt_Disable
 .text.vSet_Pin_Direction
                0x000013d6       0xe8 ./MCAL/DIO/DIO_Program.o
                0x000013d6                vSet_Pin_Direction
 .text.vSet_Pin_OUTPUTvalue
                0x000014be       0xe8 ./MCAL/DIO/DIO_Program.o
                0x000014be                vSet_Pin_OUTPUTvalue
 .text.vTOGGLE_Pin
                0x000015a6       0x6a ./MCAL/DIO/DIO_Program.o
                0x000015a6                vTOGGLE_Pin
 .text.vSet_Port_Direction
                0x00001610       0x54 ./MCAL/DIO/DIO_Program.o
                0x00001610                vSet_Port_Direction
 .text.vSet_Port_OUTPUTvalue
                0x00001664       0x22 ./MCAL/DIO/DIO_Program.o
                0x00001664                vSet_Port_OUTPUTvalue
 .text.vGIT_PIN
                0x00001686       0x40 ./MCAL/DIO/DIO_Program.o
                0x00001686                vGIT_PIN
 .text.ADC_Init
                0x000016c6       0x68 ./MCAL/ADC/ADC_prog.o
                0x000016c6                ADC_Init
 .text.ADC_Read
                0x0000172e       0x1c ./MCAL/ADC/ADC_prog.o
                0x0000172e                ADC_Read
 .text.ADC_VOLT
                0x0000174a       0x36 ./MCAL/ADC/ADC_prog.o
                0x0000174a                ADC_VOLT
 .text.convert_volt_to_temp
                0x00001780       0x18 ./MCAL/ADC/ADC_prog.o
                0x00001780                convert_volt_to_temp
 .text.speed_control
                0x00001798        0x2 ./HAL/MOTOR/MOTOR_Prog.o
                0x00001798                speed_control
 .text.STop_motor
                0x0000179a       0x86 ./HAL/MOTOR/MOTOR_Prog.o
                0x0000179a                STop_motor
 .text.Start_motor
                0x00001820      0x102 ./HAL/MOTOR/MOTOR_Prog.o
                0x00001820                Start_motor
 .text.vLCD_sendDATA
                0x00001922       0xe8 ./HAL/LCD/LCD_Program.o
                0x00001922                vLCD_sendDATA
 .text.CLCD_voidSendNumber
                0x00001a0a      0x102 ./HAL/LCD/LCD_Program.o
                0x00001a0a                CLCD_voidSendNumber
 .text.vLCD_Convert_numTOchar
                0x00001b0c       0x94 ./HAL/LCD/LCD_Program.o
                0x00001b0c                vLCD_Convert_numTOchar
 .text.vLCD_Send_String
                0x00001ba0       0x26 ./HAL/LCD/LCD_Program.o
                0x00001ba0                vLCD_Send_String
 .text.vLCD_sendCOMMAND
                0x00001bc6       0xe8 ./HAL/LCD/LCD_Program.o
                0x00001bc6                vLCD_sendCOMMAND
 .text.vLCD_GO_TO
                0x00001cae       0x1c ./HAL/LCD/LCD_Program.o
                0x00001cae                vLCD_GO_TO
 .text.vLCD_Clear
                0x00001cca       0x10 ./HAL/LCD/LCD_Program.o
                0x00001cca                vLCD_Clear
 .text.vLCD_init
                0x00001cda       0x98 ./HAL/LCD/LCD_Program.o
                0x00001cda                vLCD_init
 .text.u8KEY_PRESSED
                0x00001d72       0xc8 ./HAL/KEYPAD/KEYPAD_Program.o
                0x00001d72                u8KEY_PRESSED
 .text.vKEYPAD_init
                0x00001e3a       0xa2 ./HAL/KEYPAD/KEYPAD_Program.o
                0x00001e3a                vKEYPAD_init
 .text.EEPROM_READ
                0x00001edc       0x38 ./HAL/EEPROM/EEPROM_proh.o
                0x00001edc                EEPROM_READ
 .text.EEPROM_WRITE
                0x00001f14       0x3c ./HAL/EEPROM/EEPROM_proh.o
                0x00001f14                EEPROM_WRITE
 .text.main     0x00001f50       0x6c ./APP/main.o
                0x00001f50                main
 .text.AIRBAG   0x00001fbc        0xa ./APP/main.o
                0x00001fbc                AIRBAG
 .text.func     0x00001fc6       0x10 ./APP/main.o
                0x00001fc6                func
 .text.light    0x00001fd6       0x10 ./APP/main.o
                0x00001fd6                light
 .text.speed    0x00001fe6       0x10 ./APP/main.o
                0x00001fe6                speed
 .text.libgcc   0x00001ff6       0x3e c:/users/mahmoud/desktop/imt_sdk_win_64_2/imt_sdk_win_64/winavr/bin/../lib/gcc/avr/4.3.3/avr5\libgcc.a(_mulsi3.o)
                0x00001ff6                __mulsi3
 .text.libgcc   0x00002034       0x28 c:/users/mahmoud/desktop/imt_sdk_win_64_2/imt_sdk_win_64/winavr/bin/../lib/gcc/avr/4.3.3/avr5\libgcc.a(_udivmodhi4.o)
                0x00002034                __udivmodhi4
 .text.libgcc   0x0000205c       0x44 c:/users/mahmoud/desktop/imt_sdk_win_64_2/imt_sdk_win_64/winavr/bin/../lib/gcc/avr/4.3.3/avr5\libgcc.a(_udivmodsi4.o)
                0x0000205c                __udivmodsi4
 .text.libgcc   0x000020a0       0x36 c:/users/mahmoud/desktop/imt_sdk_win_64_2/imt_sdk_win_64/winavr/bin/../lib/gcc/avr/4.3.3/avr5\libgcc.a(_divmodsi4.o)
                0x000020a0                __divmodsi4
 .text.libgcc   0x000020d6        0x0 c:/users/mahmoud/desktop/imt_sdk_win_64_2/imt_sdk_win_64/winavr/bin/../lib/gcc/avr/4.3.3/avr5\libgcc.a(_exit.o)
 .text.libgcc   0x000020d6        0x0 c:/users/mahmoud/desktop/imt_sdk_win_64_2/imt_sdk_win_64/winavr/bin/../lib/gcc/avr/4.3.3/avr5\libgcc.a(_copy_data.o)
 .text.libgcc   0x000020d6        0x0 c:/users/mahmoud/desktop/imt_sdk_win_64_2/imt_sdk_win_64/winavr/bin/../lib/gcc/avr/4.3.3/avr5\libgcc.a(_clear_bss.o)
 .text.libgcc   0x000020d6       0x38 c:/users/mahmoud/desktop/imt_sdk_win_64_2/imt_sdk_win_64/winavr/bin/../lib/gcc/avr/4.3.3/avr5\libgcc.a(_prologue.o)
                0x000020d6                __prologue_saves__
 .text.libgcc   0x0000210e       0x36 c:/users/mahmoud/desktop/imt_sdk_win_64_2/imt_sdk_win_64/winavr/bin/../lib/gcc/avr/4.3.3/avr5\libgcc.a(_epilogue.o)
                0x0000210e                __epilogue_restores__
                0x00002144                . = ALIGN (0x2)
 *(.fini9)
 .fini9         0x00002144        0x0 c:/users/mahmoud/desktop/imt_sdk_win_64_2/imt_sdk_win_64/winavr/bin/../lib/gcc/avr/4.3.3/avr5\libgcc.a(_exit.o)
                0x00002144                exit
                0x00002144                _exit
 *(.fini9)
 *(.fini8)
 *(.fini8)
 *(.fini7)
 *(.fini7)
 *(.fini6)
 *(.fini6)
 *(.fini5)
 *(.fini5)
 *(.fini4)
 *(.fini4)
 *(.fini3)
 *(.fini3)
 *(.fini2)
 *(.fini2)
 *(.fini1)
 *(.fini1)
 *(.fini0)
 .fini0         0x00002144        0x4 c:/users/mahmoud/desktop/imt_sdk_win_64_2/imt_sdk_win_64/winavr/bin/../lib/gcc/avr/4.3.3/avr5\libgcc.a(_exit.o)
 *(.fini0)
                0x00002148                _etext = .

.data           0x00800060      0x128 load address 0x00002148
                0x00800060                PROVIDE (__data_start, .)
 *(.data)
 .data          0x00800060        0x0 c:/users/mahmoud/desktop/imt_sdk_win_64_2/imt_sdk_win_64/winavr/bin/../lib/gcc/avr/4.3.3/../../../../avr/lib/avr5/crtm32.o
 .data          0x00800060        0x0 ./RTOS/RTOS_PROG.o
 .data          0x00800060        0x0 ./MCAL/WDT/WDT.o
 .data          0x00800060        0x0 ./MCAL/UART/UART_prog.o
 .data          0x00800060        0x0 ./MCAL/TWI/TWI_prog.o
 .data          0x00800060        0x0 ./MCAL/TIMERS/TIMER_Prog.o
 .data          0x00800060        0x0 ./MCAL/SPI/SPI_prog.o
 .data          0x00800060        0x0 ./MCAL/GLOBAL_INTERRUPT/Global_Interrupt_prog.o
 .data          0x00800060        0x0 ./MCAL/External_Interrupt/External_Interrupt_Prog.o
 .data          0x00800060        0x0 ./MCAL/DIO/DIO_Program.o
 .data          0x00800060        0x0 ./MCAL/ADC/ADC_prog.o
 .data          0x00800060        0x0 ./HAL/MOTOR/MOTOR_Prog.o
 .data          0x00800060        0x0 ./HAL/LCD/LCD_Program.o
 .data          0x00800060        0x0 ./HAL/KEYPAD/KEYPAD_Program.o
 .data          0x00800060        0x0 ./HAL/EEPROM/EEPROM_proh.o
 .data          0x00800060        0x0 ./APP/main.o
 .data          0x00800060        0x0 c:/users/mahmoud/desktop/imt_sdk_win_64_2/imt_sdk_win_64/winavr/bin/../lib/gcc/avr/4.3.3/avr5\libgcc.a(_mulsi3.o)
 .data          0x00800060        0x0 c:/users/mahmoud/desktop/imt_sdk_win_64_2/imt_sdk_win_64/winavr/bin/../lib/gcc/avr/4.3.3/avr5\libgcc.a(_udivmodhi4.o)
 .data          0x00800060        0x0 c:/users/mahmoud/desktop/imt_sdk_win_64_2/imt_sdk_win_64/winavr/bin/../lib/gcc/avr/4.3.3/avr5\libgcc.a(_udivmodsi4.o)
 .data          0x00800060        0x0 c:/users/mahmoud/desktop/imt_sdk_win_64_2/imt_sdk_win_64/winavr/bin/../lib/gcc/avr/4.3.3/avr5\libgcc.a(_divmodsi4.o)
 .data          0x00800060        0x0 c:/users/mahmoud/desktop/imt_sdk_win_64_2/imt_sdk_win_64/winavr/bin/../lib/gcc/avr/4.3.3/avr5\libgcc.a(_exit.o)
 .data          0x00800060        0x0 c:/users/mahmoud/desktop/imt_sdk_win_64_2/imt_sdk_win_64/winavr/bin/../lib/gcc/avr/4.3.3/avr5\libgcc.a(_copy_data.o)
 .data          0x00800060        0x0 c:/users/mahmoud/desktop/imt_sdk_win_64_2/imt_sdk_win_64/winavr/bin/../lib/gcc/avr/4.3.3/avr5\libgcc.a(_clear_bss.o)
 .data          0x00800060        0x0 c:/users/mahmoud/desktop/imt_sdk_win_64_2/imt_sdk_win_64/winavr/bin/../lib/gcc/avr/4.3.3/avr5\libgcc.a(_fixunssfsi.o)
 .data          0x00800060        0x0 c:/users/mahmoud/desktop/imt_sdk_win_64_2/imt_sdk_win_64/winavr/bin/../lib/gcc/avr/4.3.3/avr5\libgcc.a(_addsub_sf.o)
 .data          0x00800060        0x0 c:/users/mahmoud/desktop/imt_sdk_win_64_2/imt_sdk_win_64/winavr/bin/../lib/gcc/avr/4.3.3/avr5\libgcc.a(_mul_sf.o)
 .data          0x00800060        0x0 c:/users/mahmoud/desktop/imt_sdk_win_64_2/imt_sdk_win_64/winavr/bin/../lib/gcc/avr/4.3.3/avr5\libgcc.a(_div_sf.o)
 .data          0x00800060        0x0 c:/users/mahmoud/desktop/imt_sdk_win_64_2/imt_sdk_win_64/winavr/bin/../lib/gcc/avr/4.3.3/avr5\libgcc.a(_ge_sf.o)
 .data          0x00800060        0x0 c:/users/mahmoud/desktop/imt_sdk_win_64_2/imt_sdk_win_64/winavr/bin/../lib/gcc/avr/4.3.3/avr5\libgcc.a(_sf_to_si.o)
 .data          0x00800060        0x8 c:/users/mahmoud/desktop/imt_sdk_win_64_2/imt_sdk_win_64/winavr/bin/../lib/gcc/avr/4.3.3/avr5\libgcc.a(_thenan_sf.o)
                0x00800060                __thenan_sf
 .data          0x00800068        0x0 c:/users/mahmoud/desktop/imt_sdk_win_64_2/imt_sdk_win_64/winavr/bin/../lib/gcc/avr/4.3.3/avr5\libgcc.a(_usi_to_sf.o)
 .data          0x00800068        0x0 c:/users/mahmoud/desktop/imt_sdk_win_64_2/imt_sdk_win_64/winavr/bin/../lib/gcc/avr/4.3.3/avr5\libgcc.a(_prologue.o)
 .data          0x00800068        0x0 c:/users/mahmoud/desktop/imt_sdk_win_64_2/imt_sdk_win_64/winavr/bin/../lib/gcc/avr/4.3.3/avr5\libgcc.a(_epilogue.o)
 .data          0x00800068        0x0 c:/users/mahmoud/desktop/imt_sdk_win_64_2/imt_sdk_win_64/winavr/bin/../lib/gcc/avr/4.3.3/avr5\libgcc.a(_clzsi2.o)
 .data          0x00800068        0x0 c:/users/mahmoud/desktop/imt_sdk_win_64_2/imt_sdk_win_64/winavr/bin/../lib/gcc/avr/4.3.3/avr5\libgcc.a(_pack_sf.o)
 .data          0x00800068        0x0 c:/users/mahmoud/desktop/imt_sdk_win_64_2/imt_sdk_win_64/winavr/bin/../lib/gcc/avr/4.3.3/avr5\libgcc.a(_unpack_sf.o)
 .data          0x00800068        0x0 c:/users/mahmoud/desktop/imt_sdk_win_64_2/imt_sdk_win_64/winavr/bin/../lib/gcc/avr/4.3.3/avr5\libgcc.a(_fpcmp_parts_sf.o)
 .data          0x00800068      0x100 c:/users/mahmoud/desktop/imt_sdk_win_64_2/imt_sdk_win_64/winavr/bin/../lib/gcc/avr/4.3.3/avr5\libgcc.a(_clz.o)
                0x00800068                __clz_tab
 *(.data*)
 .data.COL_PORT
                0x00800168        0x4 ./HAL/KEYPAD/KEYPAD_Program.o
                0x00800168                COL_PORT
 .data.COL_PIN  0x0080016c        0x4 ./HAL/KEYPAD/KEYPAD_Program.o
                0x0080016c                COL_PIN
 .data.ROW_PORT
                0x00800170        0x4 ./HAL/KEYPAD/KEYPAD_Program.o
                0x00800170                ROW_PORT
 .data.ROW_PIN  0x00800174        0x4 ./HAL/KEYPAD/KEYPAD_Program.o
                0x00800174                ROW_PIN
 .data.key_p    0x00800178       0x10 ./HAL/KEYPAD/KEYPAD_Program.o
                0x00800178                key_p
 *(.rodata)
 *(.rodata*)
 *(.gnu.linkonce.d*)
                0x00800188                . = ALIGN (0x2)
                0x00800188                _edata = .
                0x00800188                PROVIDE (__data_end, .)

.bss            0x00800188       0x1d
                0x00800188                PROVIDE (__bss_start, .)
 *(.bss)
 .bss           0x00800188        0x0 c:/users/mahmoud/desktop/imt_sdk_win_64_2/imt_sdk_win_64/winavr/bin/../lib/gcc/avr/4.3.3/../../../../avr/lib/avr5/crtm32.o
 .bss           0x00800188        0x0 ./RTOS/RTOS_PROG.o
 .bss           0x00800188        0x0 ./MCAL/WDT/WDT.o
 .bss           0x00800188        0x0 ./MCAL/UART/UART_prog.o
 .bss           0x00800188        0x0 ./MCAL/TWI/TWI_prog.o
 .bss           0x00800188        0x0 ./MCAL/TIMERS/TIMER_Prog.o
 .bss           0x00800188        0x0 ./MCAL/SPI/SPI_prog.o
 .bss           0x00800188        0x0 ./MCAL/GLOBAL_INTERRUPT/Global_Interrupt_prog.o
 .bss           0x00800188        0x0 ./MCAL/External_Interrupt/External_Interrupt_Prog.o
 .bss           0x00800188        0x0 ./MCAL/DIO/DIO_Program.o
 .bss           0x00800188        0x0 ./MCAL/ADC/ADC_prog.o
 .bss           0x00800188        0x0 ./HAL/MOTOR/MOTOR_Prog.o
 .bss           0x00800188        0x0 ./HAL/LCD/LCD_Program.o
 .bss           0x00800188        0x0 ./HAL/KEYPAD/KEYPAD_Program.o
 .bss           0x00800188        0x0 ./HAL/EEPROM/EEPROM_proh.o
 .bss           0x00800188        0x0 ./APP/main.o
 .bss           0x00800188        0x0 c:/users/mahmoud/desktop/imt_sdk_win_64_2/imt_sdk_win_64/winavr/bin/../lib/gcc/avr/4.3.3/avr5\libgcc.a(_mulsi3.o)
 .bss           0x00800188        0x0 c:/users/mahmoud/desktop/imt_sdk_win_64_2/imt_sdk_win_64/winavr/bin/../lib/gcc/avr/4.3.3/avr5\libgcc.a(_udivmodhi4.o)
 .bss           0x00800188        0x0 c:/users/mahmoud/desktop/imt_sdk_win_64_2/imt_sdk_win_64/winavr/bin/../lib/gcc/avr/4.3.3/avr5\libgcc.a(_udivmodsi4.o)
 .bss           0x00800188        0x0 c:/users/mahmoud/desktop/imt_sdk_win_64_2/imt_sdk_win_64/winavr/bin/../lib/gcc/avr/4.3.3/avr5\libgcc.a(_divmodsi4.o)
 .bss           0x00800188        0x0 c:/users/mahmoud/desktop/imt_sdk_win_64_2/imt_sdk_win_64/winavr/bin/../lib/gcc/avr/4.3.3/avr5\libgcc.a(_exit.o)
 .bss           0x00800188        0x0 c:/users/mahmoud/desktop/imt_sdk_win_64_2/imt_sdk_win_64/winavr/bin/../lib/gcc/avr/4.3.3/avr5\libgcc.a(_copy_data.o)
 .bss           0x00800188        0x0 c:/users/mahmoud/desktop/imt_sdk_win_64_2/imt_sdk_win_64/winavr/bin/../lib/gcc/avr/4.3.3/avr5\libgcc.a(_clear_bss.o)
 .bss           0x00800188        0x0 c:/users/mahmoud/desktop/imt_sdk_win_64_2/imt_sdk_win_64/winavr/bin/../lib/gcc/avr/4.3.3/avr5\libgcc.a(_fixunssfsi.o)
 .bss           0x00800188        0x0 c:/users/mahmoud/desktop/imt_sdk_win_64_2/imt_sdk_win_64/winavr/bin/../lib/gcc/avr/4.3.3/avr5\libgcc.a(_addsub_sf.o)
 .bss           0x00800188        0x0 c:/users/mahmoud/desktop/imt_sdk_win_64_2/imt_sdk_win_64/winavr/bin/../lib/gcc/avr/4.3.3/avr5\libgcc.a(_mul_sf.o)
 .bss           0x00800188        0x0 c:/users/mahmoud/desktop/imt_sdk_win_64_2/imt_sdk_win_64/winavr/bin/../lib/gcc/avr/4.3.3/avr5\libgcc.a(_div_sf.o)
 .bss           0x00800188        0x0 c:/users/mahmoud/desktop/imt_sdk_win_64_2/imt_sdk_win_64/winavr/bin/../lib/gcc/avr/4.3.3/avr5\libgcc.a(_ge_sf.o)
 .bss           0x00800188        0x0 c:/users/mahmoud/desktop/imt_sdk_win_64_2/imt_sdk_win_64/winavr/bin/../lib/gcc/avr/4.3.3/avr5\libgcc.a(_sf_to_si.o)
 .bss           0x00800188        0x0 c:/users/mahmoud/desktop/imt_sdk_win_64_2/imt_sdk_win_64/winavr/bin/../lib/gcc/avr/4.3.3/avr5\libgcc.a(_thenan_sf.o)
 .bss           0x00800188        0x0 c:/users/mahmoud/desktop/imt_sdk_win_64_2/imt_sdk_win_64/winavr/bin/../lib/gcc/avr/4.3.3/avr5\libgcc.a(_usi_to_sf.o)
 .bss           0x00800188        0x0 c:/users/mahmoud/desktop/imt_sdk_win_64_2/imt_sdk_win_64/winavr/bin/../lib/gcc/avr/4.3.3/avr5\libgcc.a(_prologue.o)
 .bss           0x00800188        0x0 c:/users/mahmoud/desktop/imt_sdk_win_64_2/imt_sdk_win_64/winavr/bin/../lib/gcc/avr/4.3.3/avr5\libgcc.a(_epilogue.o)
 .bss           0x00800188        0x0 c:/users/mahmoud/desktop/imt_sdk_win_64_2/imt_sdk_win_64/winavr/bin/../lib/gcc/avr/4.3.3/avr5\libgcc.a(_clzsi2.o)
 .bss           0x00800188        0x0 c:/users/mahmoud/desktop/imt_sdk_win_64_2/imt_sdk_win_64/winavr/bin/../lib/gcc/avr/4.3.3/avr5\libgcc.a(_pack_sf.o)
 .bss           0x00800188        0x0 c:/users/mahmoud/desktop/imt_sdk_win_64_2/imt_sdk_win_64/winavr/bin/../lib/gcc/avr/4.3.3/avr5\libgcc.a(_unpack_sf.o)
 .bss           0x00800188        0x0 c:/users/mahmoud/desktop/imt_sdk_win_64_2/imt_sdk_win_64/winavr/bin/../lib/gcc/avr/4.3.3/avr5\libgcc.a(_fpcmp_parts_sf.o)
 .bss           0x00800188        0x0 c:/users/mahmoud/desktop/imt_sdk_win_64_2/imt_sdk_win_64/winavr/bin/../lib/gcc/avr/4.3.3/avr5\libgcc.a(_clz.o)
 *(.bss*)
 .bss.systic_counter.1297
                0x00800188        0x2 ./RTOS/RTOS_PROG.o
 .bss.TIMER0_OF_callback
                0x0080018a        0x2 ./MCAL/TIMERS/TIMER_Prog.o
                0x0080018a                TIMER0_OF_callback
 .bss.TIMER0_OC_callback
                0x0080018c        0x2 ./MCAL/TIMERS/TIMER_Prog.o
                0x0080018c                TIMER0_OC_callback
 .bss.Timer1_ICU_Fptr
                0x0080018e        0x2 ./MCAL/TIMERS/TIMER_Prog.o
 .bss.Timer1_OCB_Fptr
                0x00800190        0x2 ./MCAL/TIMERS/TIMER_Prog.o
 .bss.Timer1_OCA_Fptr
                0x00800192        0x2 ./MCAL/TIMERS/TIMER_Prog.o
 .bss.Timer1_OVF_Fptr
                0x00800194        0x2 ./MCAL/TIMERS/TIMER_Prog.o
 *(COMMON)
 COMMON         0x00800196        0xf ./RTOS/RTOS_PROG.o
                0x00800196                SystenTask
                0x008001a5                PROVIDE (__bss_end, .)
                0x00002148                __data_load_start = LOADADDR (.data)
                0x00002270                __data_load_end = (__data_load_start + SIZEOF (.data))

.noinit         0x008001a5        0x0
                0x008001a5                PROVIDE (__noinit_start, .)
 *(.noinit*)
                0x008001a5                PROVIDE (__noinit_end, .)
                0x008001a5                _end = .
                0x008001a5                PROVIDE (__heap_start, .)

.eeprom         0x00810000        0x0
 *(.eeprom*)
                0x00810000                __eeprom_end = .

.fuse
 *(.fuse)
 *(.lfuse)
 *(.hfuse)
 *(.efuse)

.lock
 *(.lock*)

.signature
 *(.signature*)

.stab
 *(.stab)

.stabstr
 *(.stabstr)

.stab.excl
 *(.stab.excl)

.stab.exclstr
 *(.stab.exclstr)

.stab.index
 *(.stab.index)

.stab.indexstr
 *(.stab.indexstr)

.comment
 *(.comment)

.debug
 *(.debug)

.line
 *(.line)

.debug_srcinfo
 *(.debug_srcinfo)

.debug_sfnames
 *(.debug_sfnames)

.debug_aranges  0x00000000      0x160
 *(.debug_aranges)
 .debug_aranges
                0x00000000       0x20 c:/users/mahmoud/desktop/imt_sdk_win_64_2/imt_sdk_win_64/winavr/bin/../lib/gcc/avr/4.3.3/avr5\libgcc.a(_fixunssfsi.o)
 .debug_aranges
                0x00000020       0x20 c:/users/mahmoud/desktop/imt_sdk_win_64_2/imt_sdk_win_64/winavr/bin/../lib/gcc/avr/4.3.3/avr5\libgcc.a(_addsub_sf.o)
 .debug_aranges
                0x00000040       0x20 c:/users/mahmoud/desktop/imt_sdk_win_64_2/imt_sdk_win_64/winavr/bin/../lib/gcc/avr/4.3.3/avr5\libgcc.a(_mul_sf.o)
 .debug_aranges
                0x00000060       0x20 c:/users/mahmoud/desktop/imt_sdk_win_64_2/imt_sdk_win_64/winavr/bin/../lib/gcc/avr/4.3.3/avr5\libgcc.a(_div_sf.o)
 .debug_aranges
                0x00000080       0x20 c:/users/mahmoud/desktop/imt_sdk_win_64_2/imt_sdk_win_64/winavr/bin/../lib/gcc/avr/4.3.3/avr5\libgcc.a(_ge_sf.o)
 .debug_aranges
                0x000000a0       0x20 c:/users/mahmoud/desktop/imt_sdk_win_64_2/imt_sdk_win_64/winavr/bin/../lib/gcc/avr/4.3.3/avr5\libgcc.a(_sf_to_si.o)
 .debug_aranges
                0x000000c0       0x20 c:/users/mahmoud/desktop/imt_sdk_win_64_2/imt_sdk_win_64/winavr/bin/../lib/gcc/avr/4.3.3/avr5\libgcc.a(_usi_to_sf.o)
 .debug_aranges
                0x000000e0       0x20 c:/users/mahmoud/desktop/imt_sdk_win_64_2/imt_sdk_win_64/winavr/bin/../lib/gcc/avr/4.3.3/avr5\libgcc.a(_clzsi2.o)
 .debug_aranges
                0x00000100       0x20 c:/users/mahmoud/desktop/imt_sdk_win_64_2/imt_sdk_win_64/winavr/bin/../lib/gcc/avr/4.3.3/avr5\libgcc.a(_pack_sf.o)
 .debug_aranges
                0x00000120       0x20 c:/users/mahmoud/desktop/imt_sdk_win_64_2/imt_sdk_win_64/winavr/bin/../lib/gcc/avr/4.3.3/avr5\libgcc.a(_unpack_sf.o)
 .debug_aranges
                0x00000140       0x20 c:/users/mahmoud/desktop/imt_sdk_win_64_2/imt_sdk_win_64/winavr/bin/../lib/gcc/avr/4.3.3/avr5\libgcc.a(_fpcmp_parts_sf.o)

.debug_pubnames
                0x00000000      0x1b6
 *(.debug_pubnames)
 .debug_pubnames
                0x00000000       0x23 c:/users/mahmoud/desktop/imt_sdk_win_64_2/imt_sdk_win_64/winavr/bin/../lib/gcc/avr/4.3.3/avr5\libgcc.a(_fixunssfsi.o)
 .debug_pubnames
                0x00000023       0x2c c:/users/mahmoud/desktop/imt_sdk_win_64_2/imt_sdk_win_64/winavr/bin/../lib/gcc/avr/4.3.3/avr5\libgcc.a(_addsub_sf.o)
 .debug_pubnames
                0x0000004f       0x1f c:/users/mahmoud/desktop/imt_sdk_win_64_2/imt_sdk_win_64/winavr/bin/../lib/gcc/avr/4.3.3/avr5\libgcc.a(_mul_sf.o)
 .debug_pubnames
                0x0000006e       0x1f c:/users/mahmoud/desktop/imt_sdk_win_64_2/imt_sdk_win_64/winavr/bin/../lib/gcc/avr/4.3.3/avr5\libgcc.a(_div_sf.o)
 .debug_pubnames
                0x0000008d       0x1e c:/users/mahmoud/desktop/imt_sdk_win_64_2/imt_sdk_win_64/winavr/bin/../lib/gcc/avr/4.3.3/avr5\libgcc.a(_ge_sf.o)
 .debug_pubnames
                0x000000ab       0x20 c:/users/mahmoud/desktop/imt_sdk_win_64_2/imt_sdk_win_64/winavr/bin/../lib/gcc/avr/4.3.3/avr5\libgcc.a(_sf_to_si.o)
 .debug_pubnames
                0x000000cb       0x22 c:/users/mahmoud/desktop/imt_sdk_win_64_2/imt_sdk_win_64/winavr/bin/../lib/gcc/avr/4.3.3/avr5\libgcc.a(_thenan_sf.o)
 .debug_pubnames
                0x000000ed       0x24 c:/users/mahmoud/desktop/imt_sdk_win_64_2/imt_sdk_win_64/winavr/bin/../lib/gcc/avr/4.3.3/avr5\libgcc.a(_usi_to_sf.o)
 .debug_pubnames
                0x00000111       0x1f c:/users/mahmoud/desktop/imt_sdk_win_64_2/imt_sdk_win_64/winavr/bin/../lib/gcc/avr/4.3.3/avr5\libgcc.a(_clzsi2.o)
 .debug_pubnames
                0x00000130       0x1f c:/users/mahmoud/desktop/imt_sdk_win_64_2/imt_sdk_win_64/winavr/bin/../lib/gcc/avr/4.3.3/avr5\libgcc.a(_pack_sf.o)
 .debug_pubnames
                0x0000014f       0x21 c:/users/mahmoud/desktop/imt_sdk_win_64_2/imt_sdk_win_64/winavr/bin/../lib/gcc/avr/4.3.3/avr5\libgcc.a(_unpack_sf.o)
 .debug_pubnames
                0x00000170       0x26 c:/users/mahmoud/desktop/imt_sdk_win_64_2/imt_sdk_win_64/winavr/bin/../lib/gcc/avr/4.3.3/avr5\libgcc.a(_fpcmp_parts_sf.o)
 .debug_pubnames
                0x00000196       0x20 c:/users/mahmoud/desktop/imt_sdk_win_64_2/imt_sdk_win_64/winavr/bin/../lib/gcc/avr/4.3.3/avr5\libgcc.a(_clz.o)

.debug_info     0x00000000     0x1f0d
 *(.debug_info)
 .debug_info    0x00000000       0xb1 c:/users/mahmoud/desktop/imt_sdk_win_64_2/imt_sdk_win_64/winavr/bin/../lib/gcc/avr/4.3.3/avr5\libgcc.a(_fixunssfsi.o)
 .debug_info    0x000000b1      0x47a c:/users/mahmoud/desktop/imt_sdk_win_64_2/imt_sdk_win_64/winavr/bin/../lib/gcc/avr/4.3.3/avr5\libgcc.a(_addsub_sf.o)
 .debug_info    0x0000052b      0x485 c:/users/mahmoud/desktop/imt_sdk_win_64_2/imt_sdk_win_64/winavr/bin/../lib/gcc/avr/4.3.3/avr5\libgcc.a(_mul_sf.o)
 .debug_info    0x000009b0      0x3fc c:/users/mahmoud/desktop/imt_sdk_win_64_2/imt_sdk_win_64/winavr/bin/../lib/gcc/avr/4.3.3/avr5\libgcc.a(_div_sf.o)
 .debug_info    0x00000dac      0x27f c:/users/mahmoud/desktop/imt_sdk_win_64_2/imt_sdk_win_64/winavr/bin/../lib/gcc/avr/4.3.3/avr5\libgcc.a(_ge_sf.o)
 .debug_info    0x0000102b      0x2b0 c:/users/mahmoud/desktop/imt_sdk_win_64_2/imt_sdk_win_64/winavr/bin/../lib/gcc/avr/4.3.3/avr5\libgcc.a(_sf_to_si.o)
 .debug_info    0x000012db      0x12c c:/users/mahmoud/desktop/imt_sdk_win_64_2/imt_sdk_win_64/winavr/bin/../lib/gcc/avr/4.3.3/avr5\libgcc.a(_thenan_sf.o)
 .debug_info    0x00001407      0x206 c:/users/mahmoud/desktop/imt_sdk_win_64_2/imt_sdk_win_64/winavr/bin/../lib/gcc/avr/4.3.3/avr5\libgcc.a(_usi_to_sf.o)
 .debug_info    0x0000160d      0x117 c:/users/mahmoud/desktop/imt_sdk_win_64_2/imt_sdk_win_64/winavr/bin/../lib/gcc/avr/4.3.3/avr5\libgcc.a(_clzsi2.o)
 .debug_info    0x00001724      0x2df c:/users/mahmoud/desktop/imt_sdk_win_64_2/imt_sdk_win_64/winavr/bin/../lib/gcc/avr/4.3.3/avr5\libgcc.a(_pack_sf.o)
 .debug_info    0x00001a03      0x251 c:/users/mahmoud/desktop/imt_sdk_win_64_2/imt_sdk_win_64/winavr/bin/../lib/gcc/avr/4.3.3/avr5\libgcc.a(_unpack_sf.o)
 .debug_info    0x00001c54      0x210 c:/users/mahmoud/desktop/imt_sdk_win_64_2/imt_sdk_win_64/winavr/bin/../lib/gcc/avr/4.3.3/avr5\libgcc.a(_fpcmp_parts_sf.o)
 .debug_info    0x00001e64       0xa9 c:/users/mahmoud/desktop/imt_sdk_win_64_2/imt_sdk_win_64/winavr/bin/../lib/gcc/avr/4.3.3/avr5\libgcc.a(_clz.o)
 *(.gnu.linkonce.wi.*)

.debug_abbrev   0x00000000     0x10d2
 *(.debug_abbrev)
 .debug_abbrev  0x00000000       0x5d c:/users/mahmoud/desktop/imt_sdk_win_64_2/imt_sdk_win_64/winavr/bin/../lib/gcc/avr/4.3.3/avr5\libgcc.a(_fixunssfsi.o)
 .debug_abbrev  0x0000005d      0x1ea c:/users/mahmoud/desktop/imt_sdk_win_64_2/imt_sdk_win_64/winavr/bin/../lib/gcc/avr/4.3.3/avr5\libgcc.a(_addsub_sf.o)
 .debug_abbrev  0x00000247      0x21b c:/users/mahmoud/desktop/imt_sdk_win_64_2/imt_sdk_win_64/winavr/bin/../lib/gcc/avr/4.3.3/avr5\libgcc.a(_mul_sf.o)
 .debug_abbrev  0x00000462      0x216 c:/users/mahmoud/desktop/imt_sdk_win_64_2/imt_sdk_win_64/winavr/bin/../lib/gcc/avr/4.3.3/avr5\libgcc.a(_div_sf.o)
 .debug_abbrev  0x00000678      0x15a c:/users/mahmoud/desktop/imt_sdk_win_64_2/imt_sdk_win_64/winavr/bin/../lib/gcc/avr/4.3.3/avr5\libgcc.a(_ge_sf.o)
 .debug_abbrev  0x000007d2      0x17f c:/users/mahmoud/desktop/imt_sdk_win_64_2/imt_sdk_win_64/winavr/bin/../lib/gcc/avr/4.3.3/avr5\libgcc.a(_sf_to_si.o)
 .debug_abbrev  0x00000951       0xad c:/users/mahmoud/desktop/imt_sdk_win_64_2/imt_sdk_win_64/winavr/bin/../lib/gcc/avr/4.3.3/avr5\libgcc.a(_thenan_sf.o)
 .debug_abbrev  0x000009fe      0x157 c:/users/mahmoud/desktop/imt_sdk_win_64_2/imt_sdk_win_64/winavr/bin/../lib/gcc/avr/4.3.3/avr5\libgcc.a(_usi_to_sf.o)
 .debug_abbrev  0x00000b55       0xc4 c:/users/mahmoud/desktop/imt_sdk_win_64_2/imt_sdk_win_64/winavr/bin/../lib/gcc/avr/4.3.3/avr5\libgcc.a(_clzsi2.o)
 .debug_abbrev  0x00000c19      0x1c0 c:/users/mahmoud/desktop/imt_sdk_win_64_2/imt_sdk_win_64/winavr/bin/../lib/gcc/avr/4.3.3/avr5\libgcc.a(_pack_sf.o)
 .debug_abbrev  0x00000dd9      0x154 c:/users/mahmoud/desktop/imt_sdk_win_64_2/imt_sdk_win_64/winavr/bin/../lib/gcc/avr/4.3.3/avr5\libgcc.a(_unpack_sf.o)
 .debug_abbrev  0x00000f2d      0x13b c:/users/mahmoud/desktop/imt_sdk_win_64_2/imt_sdk_win_64/winavr/bin/../lib/gcc/avr/4.3.3/avr5\libgcc.a(_fpcmp_parts_sf.o)
 .debug_abbrev  0x00001068       0x6a c:/users/mahmoud/desktop/imt_sdk_win_64_2/imt_sdk_win_64/winavr/bin/../lib/gcc/avr/4.3.3/avr5\libgcc.a(_clz.o)

.debug_line     0x00000000     0x1030
 *(.debug_line)
 .debug_line    0x00000000       0xa7 c:/users/mahmoud/desktop/imt_sdk_win_64_2/imt_sdk_win_64/winavr/bin/../lib/gcc/avr/4.3.3/avr5\libgcc.a(_fixunssfsi.o)
 .debug_line    0x000000a7      0x2af c:/users/mahmoud/desktop/imt_sdk_win_64_2/imt_sdk_win_64/winavr/bin/../lib/gcc/avr/4.3.3/avr5\libgcc.a(_addsub_sf.o)
 .debug_line    0x00000356      0x239 c:/users/mahmoud/desktop/imt_sdk_win_64_2/imt_sdk_win_64/winavr/bin/../lib/gcc/avr/4.3.3/avr5\libgcc.a(_mul_sf.o)
 .debug_line    0x0000058f      0x1d5 c:/users/mahmoud/desktop/imt_sdk_win_64_2/imt_sdk_win_64/winavr/bin/../lib/gcc/avr/4.3.3/avr5\libgcc.a(_div_sf.o)
 .debug_line    0x00000764       0xd3 c:/users/mahmoud/desktop/imt_sdk_win_64_2/imt_sdk_win_64/winavr/bin/../lib/gcc/avr/4.3.3/avr5\libgcc.a(_ge_sf.o)
 .debug_line    0x00000837      0x109 c:/users/mahmoud/desktop/imt_sdk_win_64_2/imt_sdk_win_64/winavr/bin/../lib/gcc/avr/4.3.3/avr5\libgcc.a(_sf_to_si.o)
 .debug_line    0x00000940       0x90 c:/users/mahmoud/desktop/imt_sdk_win_64_2/imt_sdk_win_64/winavr/bin/../lib/gcc/avr/4.3.3/avr5\libgcc.a(_thenan_sf.o)
 .debug_line    0x000009d0      0x133 c:/users/mahmoud/desktop/imt_sdk_win_64_2/imt_sdk_win_64/winavr/bin/../lib/gcc/avr/4.3.3/avr5\libgcc.a(_usi_to_sf.o)
 .debug_line    0x00000b03       0xa5 c:/users/mahmoud/desktop/imt_sdk_win_64_2/imt_sdk_win_64/winavr/bin/../lib/gcc/avr/4.3.3/avr5\libgcc.a(_clzsi2.o)
 .debug_line    0x00000ba8      0x18a c:/users/mahmoud/desktop/imt_sdk_win_64_2/imt_sdk_win_64/winavr/bin/../lib/gcc/avr/4.3.3/avr5\libgcc.a(_pack_sf.o)
 .debug_line    0x00000d32      0x14b c:/users/mahmoud/desktop/imt_sdk_win_64_2/imt_sdk_win_64/winavr/bin/../lib/gcc/avr/4.3.3/avr5\libgcc.a(_unpack_sf.o)
 .debug_line    0x00000e7d      0x137 c:/users/mahmoud/desktop/imt_sdk_win_64_2/imt_sdk_win_64/winavr/bin/../lib/gcc/avr/4.3.3/avr5\libgcc.a(_fpcmp_parts_sf.o)
 .debug_line    0x00000fb4       0x7c c:/users/mahmoud/desktop/imt_sdk_win_64_2/imt_sdk_win_64/winavr/bin/../lib/gcc/avr/4.3.3/avr5\libgcc.a(_clz.o)

.debug_frame    0x00000000      0x180
 *(.debug_frame)
 .debug_frame   0x00000000       0x20 c:/users/mahmoud/desktop/imt_sdk_win_64_2/imt_sdk_win_64/winavr/bin/../lib/gcc/avr/4.3.3/avr5\libgcc.a(_fixunssfsi.o)
 .debug_frame   0x00000020       0x40 c:/users/mahmoud/desktop/imt_sdk_win_64_2/imt_sdk_win_64/winavr/bin/../lib/gcc/avr/4.3.3/avr5\libgcc.a(_addsub_sf.o)
 .debug_frame   0x00000060       0x20 c:/users/mahmoud/desktop/imt_sdk_win_64_2/imt_sdk_win_64/winavr/bin/../lib/gcc/avr/4.3.3/avr5\libgcc.a(_mul_sf.o)
 .debug_frame   0x00000080       0x20 c:/users/mahmoud/desktop/imt_sdk_win_64_2/imt_sdk_win_64/winavr/bin/../lib/gcc/avr/4.3.3/avr5\libgcc.a(_div_sf.o)
 .debug_frame   0x000000a0       0x20 c:/users/mahmoud/desktop/imt_sdk_win_64_2/imt_sdk_win_64/winavr/bin/../lib/gcc/avr/4.3.3/avr5\libgcc.a(_ge_sf.o)
 .debug_frame   0x000000c0       0x20 c:/users/mahmoud/desktop/imt_sdk_win_64_2/imt_sdk_win_64/winavr/bin/../lib/gcc/avr/4.3.3/avr5\libgcc.a(_sf_to_si.o)
 .debug_frame   0x000000e0       0x20 c:/users/mahmoud/desktop/imt_sdk_win_64_2/imt_sdk_win_64/winavr/bin/../lib/gcc/avr/4.3.3/avr5\libgcc.a(_usi_to_sf.o)
 .debug_frame   0x00000100       0x20 c:/users/mahmoud/desktop/imt_sdk_win_64_2/imt_sdk_win_64/winavr/bin/../lib/gcc/avr/4.3.3/avr5\libgcc.a(_clzsi2.o)
 .debug_frame   0x00000120       0x20 c:/users/mahmoud/desktop/imt_sdk_win_64_2/imt_sdk_win_64/winavr/bin/../lib/gcc/avr/4.3.3/avr5\libgcc.a(_pack_sf.o)
 .debug_frame   0x00000140       0x20 c:/users/mahmoud/desktop/imt_sdk_win_64_2/imt_sdk_win_64/winavr/bin/../lib/gcc/avr/4.3.3/avr5\libgcc.a(_unpack_sf.o)
 .debug_frame   0x00000160       0x20 c:/users/mahmoud/desktop/imt_sdk_win_64_2/imt_sdk_win_64/winavr/bin/../lib/gcc/avr/4.3.3/avr5\libgcc.a(_fpcmp_parts_sf.o)

.debug_str      0x00000000      0x2e6
 *(.debug_str)
 .debug_str     0x00000000       0xbf c:/users/mahmoud/desktop/imt_sdk_win_64_2/imt_sdk_win_64/winavr/bin/../lib/gcc/avr/4.3.3/avr5\libgcc.a(_fixunssfsi.o)
                                 0xfe (size before relaxing)
 .debug_str     0x000000bf      0x14d c:/users/mahmoud/desktop/imt_sdk_win_64_2/imt_sdk_win_64/winavr/bin/../lib/gcc/avr/4.3.3/avr5\libgcc.a(_addsub_sf.o)
                                0x206 (size before relaxing)
 .debug_str     0x0000020c       0x27 c:/users/mahmoud/desktop/imt_sdk_win_64_2/imt_sdk_win_64/winavr/bin/../lib/gcc/avr/4.3.3/avr5\libgcc.a(_mul_sf.o)
                                0x1bf (size before relaxing)
 .debug_str     0x00000233       0x35 c:/users/mahmoud/desktop/imt_sdk_win_64_2/imt_sdk_win_64/winavr/bin/../lib/gcc/avr/4.3.3/avr5\libgcc.a(_div_sf.o)
                                0x1c8 (size before relaxing)
 .debug_str     0x00000268        0x8 c:/users/mahmoud/desktop/imt_sdk_win_64_2/imt_sdk_win_64/winavr/bin/../lib/gcc/avr/4.3.3/avr5\libgcc.a(_ge_sf.o)
                                0x195 (size before relaxing)
 .debug_str     0x00000270        0xa c:/users/mahmoud/desktop/imt_sdk_win_64_2/imt_sdk_win_64/winavr/bin/../lib/gcc/avr/4.3.3/avr5\libgcc.a(_sf_to_si.o)
                                0x19e (size before relaxing)
 .debug_str     0x00000000      0x103 c:/users/mahmoud/desktop/imt_sdk_win_64_2/imt_sdk_win_64/winavr/bin/../lib/gcc/avr/4.3.3/avr5\libgcc.a(_thenan_sf.o)
 .debug_str     0x0000027a       0x21 c:/users/mahmoud/desktop/imt_sdk_win_64_2/imt_sdk_win_64/winavr/bin/../lib/gcc/avr/4.3.3/avr5\libgcc.a(_usi_to_sf.o)
                                0x177 (size before relaxing)
 .debug_str     0x0000029b       0x20 c:/users/mahmoud/desktop/imt_sdk_win_64_2/imt_sdk_win_64/winavr/bin/../lib/gcc/avr/4.3.3/avr5\libgcc.a(_clzsi2.o)
                                0x111 (size before relaxing)
 .debug_str     0x000002bb       0x10 c:/users/mahmoud/desktop/imt_sdk_win_64_2/imt_sdk_win_64/winavr/bin/../lib/gcc/avr/4.3.3/avr5\libgcc.a(_pack_sf.o)
                                0x19d (size before relaxing)
 .debug_str     0x000002cb        0xb c:/users/mahmoud/desktop/imt_sdk_win_64_2/imt_sdk_win_64/winavr/bin/../lib/gcc/avr/4.3.3/avr5\libgcc.a(_unpack_sf.o)
                                0x17f (size before relaxing)
 .debug_str     0x000002d6       0x10 c:/users/mahmoud/desktop/imt_sdk_win_64_2/imt_sdk_win_64/winavr/bin/../lib/gcc/avr/4.3.3/avr5\libgcc.a(_fpcmp_parts_sf.o)
                                0x163 (size before relaxing)
 .debug_str     0x00000000       0xf4 c:/users/mahmoud/desktop/imt_sdk_win_64_2/imt_sdk_win_64/winavr/bin/../lib/gcc/avr/4.3.3/avr5\libgcc.a(_clz.o)

.debug_loc      0x00000000      0x8f6
 *(.debug_loc)
 .debug_loc     0x00000000       0x34 c:/users/mahmoud/desktop/imt_sdk_win_64_2/imt_sdk_win_64/winavr/bin/../lib/gcc/avr/4.3.3/avr5\libgcc.a(_fixunssfsi.o)
 .debug_loc     0x00000034      0x32a c:/users/mahmoud/desktop/imt_sdk_win_64_2/imt_sdk_win_64/winavr/bin/../lib/gcc/avr/4.3.3/avr5\libgcc.a(_addsub_sf.o)
 .debug_loc     0x0000035e      0x104 c:/users/mahmoud/desktop/imt_sdk_win_64_2/imt_sdk_win_64/winavr/bin/../lib/gcc/avr/4.3.3/avr5\libgcc.a(_mul_sf.o)
 .debug_loc     0x00000462       0xc0 c:/users/mahmoud/desktop/imt_sdk_win_64_2/imt_sdk_win_64/winavr/bin/../lib/gcc/avr/4.3.3/avr5\libgcc.a(_div_sf.o)
 .debug_loc     0x00000522       0x3c c:/users/mahmoud/desktop/imt_sdk_win_64_2/imt_sdk_win_64/winavr/bin/../lib/gcc/avr/4.3.3/avr5\libgcc.a(_ge_sf.o)
 .debug_loc     0x0000055e       0x7e c:/users/mahmoud/desktop/imt_sdk_win_64_2/imt_sdk_win_64/winavr/bin/../lib/gcc/avr/4.3.3/avr5\libgcc.a(_sf_to_si.o)
 .debug_loc     0x000005dc       0x4c c:/users/mahmoud/desktop/imt_sdk_win_64_2/imt_sdk_win_64/winavr/bin/../lib/gcc/avr/4.3.3/avr5\libgcc.a(_usi_to_sf.o)
 .debug_loc     0x00000628       0x94 c:/users/mahmoud/desktop/imt_sdk_win_64_2/imt_sdk_win_64/winavr/bin/../lib/gcc/avr/4.3.3/avr5\libgcc.a(_clzsi2.o)
 .debug_loc     0x000006bc      0x13e c:/users/mahmoud/desktop/imt_sdk_win_64_2/imt_sdk_win_64/winavr/bin/../lib/gcc/avr/4.3.3/avr5\libgcc.a(_pack_sf.o)
 .debug_loc     0x000007fa       0xac c:/users/mahmoud/desktop/imt_sdk_win_64_2/imt_sdk_win_64/winavr/bin/../lib/gcc/avr/4.3.3/avr5\libgcc.a(_unpack_sf.o)
 .debug_loc     0x000008a6       0x50 c:/users/mahmoud/desktop/imt_sdk_win_64_2/imt_sdk_win_64/winavr/bin/../lib/gcc/avr/4.3.3/avr5\libgcc.a(_fpcmp_parts_sf.o)

.debug_macinfo
 *(.debug_macinfo)
OUTPUT(AMIT_TRANSMIT.elf elf32-avr)
LOAD linker stubs

.debug_ranges   0x00000000       0x50
 .debug_ranges  0x00000000       0x50 c:/users/mahmoud/desktop/imt_sdk_win_64_2/imt_sdk_win_64/winavr/bin/../lib/gcc/avr/4.3.3/avr5\libgcc.a(_mul_sf.o)
